Component: Arm Compiler for Embedded 6.19 Tool: armlink [5e73cb00]

==============================================================================

Section Cross References

    main_1.o(.text.main) refers to system_tm4c123.o(.text.SystemInit) for SystemInit
    main_1.o(.text.main) refers to lcd.o(.text.LCD_Init) for LCD_Init
    main_1.o(.text.main) refers to doors.o(.text.DoorSystem_Init) for DoorSystem_Init
    main_1.o(.text.main) refers to speed_system.o(.text.SpeedSystem_Init) for SpeedSystem_Init
    main_1.o(.text.main) refers to gear_system.o(.text.GearSystem_Init) for GearSystem_Init
    main_1.o(.text.main) refers to ultrasonic_system.o(.text.UltrasonicSystem_Init) for UltrasonicSystem_Init
    main_1.o(.text.main) refers to queue.o(.text.xQueueCreateMutex) for xQueueCreateMutex
    main_1.o(.text.main) refers to main_1.o(.bss.xLCDMutex) for xLCDMutex
    main_1.o(.text.main) refers to tasks.o(.text.vDoorLockTask) for vDoorLockTask
    main_1.o(.text.main) refers to main_1.o(.rodata.str1.1) for .L.str
    main_1.o(.text.main) refers to tasks_1.o(.text.xTaskCreate) for xTaskCreate
    main_1.o(.text.main) refers to tasks.o(.text.vDoorOpenCloseTask) for vDoorOpenCloseTask
    main_1.o(.text.main) refers to tasks.o(.text.vSpeedTask) for vSpeedTask
    main_1.o(.text.main) refers to tasks.o(.text.vGearTask) for vGearTask
    main_1.o(.text.main) refers to tasks.o(.text.vDisplayTask) for vDisplayTask
    main_1.o(.text.main) refers to tasks.o(.text.vUltrasonicTask) for vUltrasonicTask
    main_1.o(.text.main) refers to tasks.o(.text.vIgnitionStatusTask) for vIgnitionStatusTask
    main_1.o(.text.main) refers to tasks_1.o(.text.vTaskStartScheduler) for vTaskStartScheduler
    main_1.o(.ARM.exidx.text.main) refers to main_1.o(.text.main) for [Anonymous Symbol]
    basic_io.o(.text.vPrintString) refers to tasks_1.o(.text.vTaskSuspendAll) for vTaskSuspendAll
    basic_io.o(.text.vPrintString) refers to basic_io.o(.bss.cBuffer) for cBuffer
    basic_io.o(.text.vPrintString) refers to basic_io.o(.rodata.str1.1) for .L.str
    basic_io.o(.text.vPrintString) refers to sprintf.o(.text) for sprintf
    basic_io.o(.text.vPrintString) refers to consoleprint.o(.text.consoleprint) for consoleprint
    basic_io.o(.text.vPrintString) refers to tasks_1.o(.text.xTaskResumeAll) for xTaskResumeAll
    basic_io.o(.ARM.exidx.text.vPrintString) refers to basic_io.o(.text.vPrintString) for [Anonymous Symbol]
    basic_io.o(.text.vPrintStringAndNumber) refers to tasks_1.o(.text.vTaskSuspendAll) for vTaskSuspendAll
    basic_io.o(.text.vPrintStringAndNumber) refers to basic_io.o(.bss.cBuffer) for cBuffer
    basic_io.o(.text.vPrintStringAndNumber) refers to basic_io.o(.rodata.str1.1) for .L.str.1
    basic_io.o(.text.vPrintStringAndNumber) refers to sprintf.o(.text) for sprintf
    basic_io.o(.text.vPrintStringAndNumber) refers to consoleprint.o(.text.consoleprint) for consoleprint
    basic_io.o(.text.vPrintStringAndNumber) refers to tasks_1.o(.text.xTaskResumeAll) for xTaskResumeAll
    basic_io.o(.ARM.exidx.text.vPrintStringAndNumber) refers to basic_io.o(.text.vPrintStringAndNumber) for [Anonymous Symbol]
    basic_io.o(.text.vPrintStringAndNumbers) refers to tasks_1.o(.text.vTaskSuspendAll) for vTaskSuspendAll
    basic_io.o(.text.vPrintStringAndNumbers) refers to basic_io.o(.bss.cBuffer) for cBuffer
    basic_io.o(.text.vPrintStringAndNumbers) refers to basic_io.o(.rodata.str1.1) for .L.str.2
    basic_io.o(.text.vPrintStringAndNumbers) refers to sprintf.o(.text) for sprintf
    basic_io.o(.text.vPrintStringAndNumbers) refers to consoleprint.o(.text.consoleprint) for consoleprint
    basic_io.o(.text.vPrintStringAndNumbers) refers to tasks_1.o(.text.xTaskResumeAll) for xTaskResumeAll
    basic_io.o(.ARM.exidx.text.vPrintStringAndNumbers) refers to basic_io.o(.text.vPrintStringAndNumbers) for [Anonymous Symbol]
    retarget.o(.text.__write) refers to retarget.o(.text.ITM_SendChar) for ITM_SendChar
    retarget.o(.ARM.exidx.text.__write) refers to retarget.o(.text.__write) for [Anonymous Symbol]
    retarget.o(.ARM.exidx.text.ITM_SendChar) refers to retarget.o(.text.ITM_SendChar) for [Anonymous Symbol]
    retarget.o(.ARM.exidx.text._sys_exit) refers to retarget.o(.text._sys_exit) for [Anonymous Symbol]
    lcd.o(.text.LCD_command) refers to lcd.o(.bss.lcdMutex) for lcdMutex
    lcd.o(.text.LCD_command) refers to queue.o(.text.xQueueSemaphoreTake) for xQueueSemaphoreTake
    lcd.o(.text.LCD_command) refers to lcd.o(.text.I2C1_Write_Multiple) for I2C1_Write_Multiple
    lcd.o(.text.LCD_command) refers to queue.o(.text.xQueueGenericSend) for xQueueGenericSend
    lcd.o(.text.LCD_command) refers to lcd.o(.text.delay_ms) for delay_ms
    lcd.o(.ARM.exidx.text.LCD_command) refers to lcd.o(.text.LCD_command) for [Anonymous Symbol]
    lcd.o(.text.I2C1_Write_Multiple) refers to lcd.o(.text.I2C_wait) for I2C_wait
[...]
    __rt_lib_init                            0x00000371   Thumb Code     0  libinit.o(.ARM.Collect$$libinit$$00000000)
    __rt_lib_init_fp_1                       0x00000373   Thumb Code     0  libinit2.o(.ARM.Collect$$libinit$$00000001)
    __rt_lib_init_heap_1                     0x00000377   Thumb Code     0  libinit2.o(.ARM.Collect$$libinit$$0000000C)
    __rt_lib_init_lc_common                  0x00000377   Thumb Code     0  libinit2.o(.ARM.Collect$$libinit$$00000011)
    __rt_lib_init_preinit_1                  0x00000377   Thumb Code     0  libinit2.o(.ARM.Collect$$libinit$$00000006)
    __rt_lib_init_rand_1                     0x00000377   Thumb Code     0  libinit2.o(.ARM.Collect$$libinit$$00000010)
    __rt_lib_init_relocate_pie_1             0x00000377   Thumb Code     0  libinit2.o(.ARM.Collect$$libinit$$00000004)
    __rt_lib_init_user_alloc_1               0x00000377   Thumb Code     0  libinit2.o(.ARM.Collect$$libinit$$0000000E)
    __rt_lib_init_lc_collate_1               0x0000037d   Thumb Code     0  libinit2.o(.ARM.Collect$$libinit$$00000013)
    __rt_lib_init_lc_ctype_2                 0x0000037d   Thumb Code     0  libinit2.o(.ARM.Collect$$libinit$$00000014)
    __rt_lib_init_lc_ctype_1                 0x00000389   Thumb Code     0  libinit2.o(.ARM.Collect$$libinit$$00000015)
    __rt_lib_init_lc_monetary_1              0x00000389   Thumb Code     0  libinit2.o(.ARM.Collect$$libinit$$00000017)
    __rt_lib_init_lc_numeric_2               0x00000389   Thumb Code     0  libinit2.o(.ARM.Collect$$libinit$$00000018)
    __rt_lib_init_alloca_1                   0x00000393   Thumb Code     0  libinit2.o(.ARM.Collect$$libinit$$00000030)
    __rt_lib_init_argv_1                     0x00000393   Thumb Code     0  libinit2.o(.ARM.Collect$$libinit$$0000002E)
    __rt_lib_init_atexit_1                   0x00000393   Thumb Code     0  libinit2.o(.ARM.Collect$$libinit$$0000001D)
    __rt_lib_init_clock_1                    0x00000393   Thumb Code     0  libinit2.o(.ARM.Collect$$libinit$$00000023)
    __rt_lib_init_cpp_1                      0x00000393   Thumb Code     0  libinit2.o(.ARM.Collect$$libinit$$00000034)
    __rt_lib_init_exceptions_1               0x00000393   Thumb Code     0  libinit2.o(.ARM.Collect$$libinit$$00000032)
    __rt_lib_init_fp_trap_1                  0x00000393   Thumb Code     0  libinit2.o(.ARM.Collect$$libinit$$00000021)
    __rt_lib_init_getenv_1                   0x00000393   Thumb Code     0  libinit2.o(.ARM.Collect$$libinit$$00000025)
    __rt_lib_init_lc_numeric_1               0x00000393   Thumb Code     0  libinit2.o(.ARM.Collect$$libinit$$00000019)
    __rt_lib_init_lc_time_1                  0x00000393   Thumb Code     0  libinit2.o(.ARM.Collect$$libinit$$0000001B)
    __rt_lib_init_return                     0x00000393   Thumb Code     0  libinit2.o(.ARM.Collect$$libinit$$00000035)
    __rt_lib_init_signal_1                   0x00000393   Thumb Code     0  libinit2.o(.ARM.Collect$$libinit$$0000001F)
    __rt_lib_init_stdio_1                    0x00000393   Thumb Code     0  libinit2.o(.ARM.Collect$$libinit$$00000027)
    __rt_lib_shutdown                        0x00000395   Thumb Code     0  libshutdown.o(.ARM.Collect$$libshutdown$$00000000)
    __rt_lib_shutdown_cpp_1                  0x00000397   Thumb Code     0  libshutdown2.o(.ARM.Collect$$libshutdown$$00000002)
    __rt_lib_shutdown_fp_trap_1              0x00000397   Thumb Code     0  libshutdown2.o(.ARM.Collect$$libshutdown$$00000007)
    __rt_lib_shutdown_heap_1                 0x00000397   Thumb Code     0  libshutdown2.o(.ARM.Collect$$libshutdown$$0000000F)
    __rt_lib_shutdown_return                 0x00000397   Thumb Code     0  libshutdown2.o(.ARM.Collect$$libshutdown$$00000010)
    __rt_lib_shutdown_signal_1               0x00000397   Thumb Code     0  libshutdown2.o(.ARM.Collect$$libshutdown$$0000000A)
    __rt_lib_shutdown_stdio_1                0x00000397   Thumb Code     0  libshutdown2.o(.ARM.Collect$$libshutdown$$00000004)
    __rt_lib_shutdown_user_alloc_1           0x00000397   Thumb Code     0  libshutdown2.o(.ARM.Collect$$libshutdown$$0000000C)
    __rt_entry                               0x00000399   Thumb Code     0  __rtentry.o(.ARM.Collect$$rtentry$$00000000)
    __rt_entry_presh_1                       0x00000399   Thumb Code     0  __rtentry2.o(.ARM.Collect$$rtentry$$00000002)
    __rt_entry_sh                            0x00000399   Thumb Code     0  __rtentry4.o(.ARM.Collect$$rtentry$$00000004)
    __rt_entry_postsh_1                      0x0000039f   Thumb Code     0  __rtentry2.o(.ARM.Collect$$rtentry$$00000008)
    __rt_entry_li                            0x000003a7   Thumb Code     0  __rtentry2.o(.ARM.Collect$$rtentry$$0000000A)
    __rt_entry_main                          0x000003ab   Thumb Code     0  __rtentry2.o(.ARM.Collect$$rtentry$$0000000D)
    __rt_entry_postli_1                      0x000003ab   Thumb Code     0  __rtentry2.o(.ARM.Collect$$rtentry$$0000000C)
    __rt_exit                                0x000003b3   Thumb Code     0  rtexit.o(.ARM.Collect$$rtexit$$00000000)
    __rt_exit_ls                             0x000003b5   Thumb Code     0  rtexit2.o(.ARM.Collect$$rtexit$$00000003)
    __rt_exit_prels_1                        0x000003b5   Thumb Code     0  rtexit2.o(.ARM.Collect$$rtexit$$00000002)
    __rt_exit_exit                           0x000003b9   Thumb Code     0  rtexit2.o(.ARM.Collect$$rtexit$$00000004)
    Reset_Handler                            0x000003c1   Thumb Code     8  startup_tm4c123.o(.text)
    NMI_Handler                              0x000003c9   Thumb Code     2  startup_tm4c123.o(.text)
    HardFault_Handler                        0x000003cb   Thumb Code     2  startup_tm4c123.o(.text)
    MemManage_Handler                        0x000003cd   Thumb Code     2  startup_tm4c123.o(.text)
    BusFault_Handler                         0x000003cf   Thumb Code     2  startup_tm4c123.o(.text)
    UsageFault_Handler                       0x000003d1   Thumb Code     2  startup_tm4c123.o(.text)
    DebugMon_Handler                         0x000003d5   Thumb Code     2  startup_tm4c123.o(.text)
    GPIOA_Handler                            0x000003db   Thumb Code     2  startup_tm4c123.o(.text)
    GPIOB_Handler                            0x000003dd   Thumb Code     2  startup_tm4c123.o(.text)
    GPIOC_Handler                            0x000003df   Thumb Code     2  startup_tm4c123.o(.text)
    GPIOD_Handler                            0x000003e1   Thumb Code     2  startup_tm4c123.o(.text)
    GPIOE_Handler                            0x000003e3   Thumb Code     2  startup_tm4c123.o(.text)
    UART0_Handler                            0x000003e5   Thumb Code     2  startup_tm4c123.o(.text)
    UART1_Handler                            0x000003e7   Thumb Code     2  startup_tm4c123.o(.text)
    SSI0_Handler                             0x000003e9   Thumb Code     2  startup_tm4c123.o(.text)
    I2C0_Handler                             0x000003eb   Thumb Code     2  startup_tm4c123.o(.text)
    PMW0_FAULT_Handler                       0x000003ed   Thumb Code     2  startup_tm4c123.o(.text)
    PWM0_0_Handler                           0x000003ef   Thumb Code     2  startup_tm4c123.o(.text)
    PWM0_1_Handler                           0x000003f1   Thumb Code     2  startup_tm4c123.o(.text)
    PWM0_2_Handler                           0x000003f3   Thumb Code     2  startup_tm4c123.o(.text)
    QEI0_Handler                             0x000003f5   Thumb Code     2  startup_tm4c123.o(.text)
    ADC0SS0_Handler                          0x000003f7   Thumb Code     2  startup_tm4c123.o(.text)
    ADC0SS1_Handler                          0x000003f9   Thumb Code     2  startup_tm4c123.o(.text)
    ADC0SS2_Handler                          0x000003fb   Thumb Code     2  startup_tm4c123.o(.text)
    ADC0SS3_Handler                          0x000003fd   Thumb Code     2  startup_tm4c123.o(.text)
    WDT0_Handler                             0x000003ff   Thumb Code     2  startup_tm4c123.o(.text)
    TIMER0A_Handler                          0x00000401   Thumb Code     2  startup_tm4c123.o(.text)
    TIMER0B_Handler                          0x00000403   Thumb Code     2  startup_tm4c123.o(.text)
    TIMER1A_Handler                          0x00000405   Thumb Code     2  startup_tm4c123.o(.text)
    TIMER1B_Handler                          0x00000407   Thumb Code     2  startup_tm4c123.o(.text)
    TIMER2A_Handler                          0x00000409   Thumb Code     2  startup_tm4c123.o(.text)
    TIMER2B_Handler                          0x0000040b   Thumb Code     2  startup_tm4c123.o(.text)
    COMP0_Handler                            0x0000040d   Thumb Code     2  startup_tm4c123.o(.text)
    COMP1_Handler                            0x0000040f   Thumb Code     2  startup_tm4c123.o(.text)
    COMP2_Handler                            0x00000411   Thumb Code     2  startup_tm4c123.o(.text)
    SYSCTL_Handler                           0x00000413   Thumb Code     2  startup_tm4c123.o(.text)
    FLASH_Handler                            0x00000415   Thumb Code     2  startup_tm4c123.o(.text)
    GPIOF_Handler                            0x00000417   Thumb Code     2  startup_tm4c123.o(.text)
    GPIOG_Handler                            0x00000419   Thumb Code     2  startup_tm4c123.o(.text)
    GPIOH_Handler                            0x0000041b   Thumb Code     2  startup_tm4c123.o(.text)
    UART2_Handler                            0x0000041d   Thumb Code     2  startup_tm4c123.o(.text)
    SSI1_Handler                             0x0000041f   Thumb Code     2  startup_tm4c123.o(.text)
    TIMER3A_Handler                          0x00000421   Thumb Code     2  startup_tm4c123.o(.text)
    TIMER3B_Handler                          0x00000423   Thumb Code     2  startup_tm4c123.o(.text)
    I2C1_Handler                             0x00000425   Thumb Code     2  startup_tm4c123.o(.text)
    QEI1_Handler                             0x00000427   Thumb Code     2  startup_tm4c123.o(.text)
    CAN0_Handler                             0x00000429   Thumb Code     2  startup_tm4c123.o(.text)
    CAN1_Handler                             0x0000042b   Thumb Code     2  startup_tm4c123.o(.text)
    CAN2_Handler                             0x0000042d   Thumb Code     2  startup_tm4c123.o(.text)
    HIB_Handler                              0x0000042f   Thumb Code     2  startup_tm4c123.o(.text)
    USB0_Handler                             0x00000431   Thumb Code     2  startup_tm4c123.o(.text)
    PWM0_3_Handler                           0x00000433   Thumb Code     2  startup_tm4c123.o(.text)
    UDMA_Handler                             0x00000435   Thumb Code     2  startup_tm4c123.o(.text)
    UDMAERR_Handler                          0x00000437   Thumb Code     2  startup_tm4c123.o(.text)
    ADC1SS0_Handler                          0x00000439   Thumb Code     2  startup_tm4c123.o(.text)
    ADC1SS1_Handler                          0x0000043b   Thumb Code     2  startup_tm4c123.o(.text)
    ADC1SS2_Handler                          0x0000043d   Thumb Code     2  startup_tm4c123.o(.text)
    ADC1SS3_Handler                          0x0000043f   Thumb Code     2  startup_tm4c123.o(.text)
    GPIOJ_Handler                            0x00000441   Thumb Code     2  startup_tm4c123.o(.text)
    GPIOK_Handler                            0x00000443   Thumb Code     2  startup_tm4c123.o(.text)
    GPIOL_Handler                            0x00000445   Thumb Code     2  startup_tm4c123.o(.text)
    SSI2_Handler                             0x00000447   Thumb Code     2  startup_tm4c123.o(.text)
    SSI3_Handler                             0x00000449   Thumb Code     2  startup_tm4c123.o(.text)
    UART3_Handler                            0x0000044b   Thumb Code     2  startup_tm4c123.o(.text)
    UART4_Handler                            0x0000044d   Thumb Code     2  startup_tm4c123.o(.text)
    UART5_Handler                            0x0000044f   Thumb Code     2  startup_tm4c123.o(.text)
    UART6_Handler                            0x00000451   Thumb Code     2  startup_tm4c123.o(.text)
    UART7_Handler                            0x00000453   Thumb Code     2  startup_tm4c123.o(.text)
    I2C2_Handler                             0x00000455   Thumb Code     2  startup_tm4c123.o(.text)
    I2C3_Handler                             0x00000457   Thumb Code     2  startup_tm4c123.o(.text)
    TIMER4A_Handler                          0x00000459   Thumb Code     2  startup_tm4c123.o(.text)
    TIMER4B_Handler                          0x0000045b   Thumb Code     2  startup_tm4c123.o(.text)
    TIMER5A_Handler                          0x0000045d   Thumb Code     2  startup_tm4c123.o(.text)
    TIMER5B_Handler                          0x0000045f   Thumb Code     2  startup_tm4c123.o(.text)
    WTIMER0A_Handler                         0x00000461   Thumb Code     2  startup_tm4c123.o(.text)
    WTIMER0B_Handler                         0x00000463   Thumb Code     2  startup_tm4c123.o(.text)
    WTIMER1A_Handler                         0x00000465   Thumb Code     2  startup_tm4c123.o(.text)
    WTIMER1B_Handler                         0x00000467   Thumb Code     2  startup_tm4c123.o(.text)
    WTIMER2A_Handler                         0x00000469   Thumb Code     2  startup_tm4c123.o(.text)
    WTIMER2B_Handler                         0x0000046b   Thumb Code     2  startup_tm4c123.o(.text)
    WTIMER3A_Handler                         0x0000046d   Thumb Code     2  startup_tm4c123.o(.text)
    WTIMER3B_Handler                         0x0000046f   Thumb Code     2  startup_tm4c123.o(.text)
    WTIMER4A_Handler                         0x00000471   Thumb Code     2  startup_tm4c123.o(.text)
    WTIMER4B_Handler                         0x00000473   Thumb Code     2  startup_tm4c123.o(.text)
    WTIMER5A_Handler                         0x00000475   Thumb Code     2  startup_tm4c123.o(.text)
    WTIMER5B_Handler                         0x00000477   Thumb Code     2  startup_tm4c123.o(.text)
    FPU_Handler                              0x00000479   Thumb Code     2  startup_tm4c123.o(.text)
    I2C4_Handler                             0x0000047b   Thumb Code     2  startup_tm4c123.o(.text)
    I2C5_Handler                             0x0000047d   Thumb Code     2  startup_tm4c123.o(.text)
    GPIOM_Handler                            0x0000047f   Thumb Code     2  startup_tm4c123.o(.text)
    GPION_Handler                            0x00000481   Thumb Code     2  startup_tm4c123.o(.text)
    QEI2_Handler                             0x00000483   Thumb Code     2  startup_tm4c123.o(.text)
    GPIOP0_Handler                           0x00000485   Thumb Code     2  startup_tm4c123.o(.text)
    GPIOP1_Handler                           0x00000487   Thumb Code     2  startup_tm4c123.o(.text)
    GPIOP2_Handler                           0x00000489   Thumb Code     2  startup_tm4c123.o(.text)
    GPIOP3_Handler                           0x0000048b   Thumb Code     2  startup_tm4c123.o(.text)
    GPIOP4_Handler                           0x0000048d   Thumb Code     2  startup_tm4c123.o(.text)
    GPIOP5_Handler                           0x0000048f   Thumb Code     2  startup_tm4c123.o(.text)
    GPIOP6_Handler                           0x00000491   Thumb Code     2  startup_tm4c123.o(.text)
    GPIOP7_Handler                           0x00000493   Thumb Code     2  startup_tm4c123.o(.text)
    GPIOQ0_Handler                           0x00000495   Thumb Code     2  startup_tm4c123.o(.text)
    GPIOQ1_Handler                           0x00000497   Thumb Code     2  startup_tm4c123.o(.text)
    GPIOQ2_Handler                           0x00000499   Thumb Code     2  startup_tm4c123.o(.text)
    GPIOQ3_Handler                           0x0000049b   Thumb Code     2  startup_tm4c123.o(.text)
    GPIOQ4_Handler                           0x0000049d   Thumb Code     2  startup_tm4c123.o(.text)
    GPIOQ5_Handler                           0x0000049f   Thumb Code     2  startup_tm4c123.o(.text)
    GPIOQ6_Handler                           0x000004a1   Thumb Code     2  startup_tm4c123.o(.text)
    GPIOQ7_Handler                           0x000004a3   Thumb Code     2  startup_tm4c123.o(.text)
    GPIOR_Handler                            0x000004a5   Thumb Code     2  startup_tm4c123.o(.text)
    GPIOS_Handler                            0x000004a7   Thumb Code     2  startup_tm4c123.o(.text)
    PMW1_0_Handler                           0x000004a9   Thumb Code     2  startup_tm4c123.o(.text)
    PWM1_1_Handler                           0x000004ab   Thumb Code     2  startup_tm4c123.o(.text)
    PWM1_2_Handler                           0x000004ad   Thumb Code     2  startup_tm4c123.o(.text)
    PWM1_3_Handler                           0x000004af   Thumb Code     2  startup_tm4c123.o(.text)
    PWM1_FAULT_Handler                       0x000004b1   Thumb Code     2  startup_tm4c123.o(.text)
    __user_initial_stackheap                 0x000004b5   Thumb Code     0  startup_tm4c123.o(.text)
    __aeabi_uldivmod                         0x000004d5   Thumb Code     0  lludivv7m.o(.text)
    _ll_udiv                                 0x000004d5   Thumb Code   240  lludivv7m.o(.text)
    snprintf                                 0x000005c5   Thumb Code    58  snprintf.o(.text)
    __aeabi_memcpy                           0x00000605   Thumb Code     0  rt_memcpy_v6.o(.text)
    __rt_memcpy                              0x00000605   Thumb Code   138  rt_memcpy_v6.o(.text)
    _memcpy_lastbytes                        0x0000066b   Thumb Code     0  rt_memcpy_v6.o(.text)
    __aeabi_memset4                          0x0000068f   Thumb Code    16  aeabi_memset4.o(.text)
    __aeabi_memset8                          0x0000068f   Thumb Code     0  aeabi_memset4.o(.text)
    __aeabi_memclr                           0x0000069f   Thumb Code     0  rt_memclr.o(.text)
    __rt_memclr                              0x0000069f   Thumb Code     0  rt_memclr.o(.text)
    _memset                                  0x000006a3   Thumb Code    64  rt_memclr.o(.text)
    strcmp                                   0x000006e9   Thumb Code   124  strcmpv7em.o(.text)
    __use_two_region_memory                  0x00000765   Thumb Code     2  heapauxi.o(.text)
    __rt_heap_escrow$2region                 0x00000767   Thumb Code     2  heapauxi.o(.text)
    __rt_heap_expand$2region                 0x00000769   Thumb Code     2  heapauxi.o(.text)
    _printf_pre_padding                      0x0000076b   Thumb Code    44  _printf_pad.o(.text)
    _printf_post_padding                     0x00000797   Thumb Code    34  _printf_pad.o(.text)
    _printf_truncate_signed                  0x000007b9   Thumb Code    18  _printf_truncate.o(.text)
    _printf_truncate_unsigned                0x000007cb   Thumb Code    18  _printf_truncate.o(.text)
    _printf_str                              0x000007dd   Thumb Code    82  _printf_str.o(.text)
    _printf_int_dec                          0x00000831   Thumb Code   104  _printf_dec.o(.text)
    _printf_charcount                        0x000008a9   Thumb Code    40  _printf_charcount.o(.text)
    _printf_char_common                      0x000008db   Thumb Code    32  _printf_char_common.o(.text)
    _snputc                                  0x00000901   Thumb Code    16  _snputc.o(.text)
    _printf_wctomb                           0x00000911   Thumb Code   182  _printf_wctomb.o(.text)
    _printf_longlong_dec                     0x000009cd   Thumb Code   108  _printf_longlong_dec.o(.text)
    _printf_longlong_oct                     0x00000a49   Thumb Code    68  _printf_oct_int_ll.o(.text)
    _printf_int_oct                          0x00000a8d   Thumb Code    24  _printf_oct_int_ll.o(.text)
    _printf_ll_oct                           0x00000aa5   Thumb Code    12  _printf_oct_int_ll.o(.text)
    _printf_longlong_hex                     0x00000ab9   Thumb Code    86  _printf_hex_int_ll_ptr.o(.text)
    _printf_int_hex                          0x00000b0f   Thumb Code    28  _printf_hex_int_ll_ptr.o(.text)
    _printf_ll_hex                           0x00000b2b   Thumb Code    12  _printf_hex_int_ll_ptr.o(.text)
    _printf_hex_ptr                          0x00000b37   Thumb Code    18  _printf_hex_int_ll_ptr.o(.text)
    __printf                                 0x00000b4d   Thumb Code   388  __printf_flags_ss_wp.o(.text)
    __aeabi_memcpy4                          0x00000cd5   Thumb Code     0  rt_memcpy_w.o(.text)
    __aeabi_memcpy8                          0x00000cd5   Thumb Code     0  rt_memcpy_w.o(.text)
    __rt_memcpy_w                            0x00000cd5   Thumb Code   100  rt_memcpy_w.o(.text)
    _memcpy_lastbytes_aligned                0x00000d1d   Thumb Code     0  rt_memcpy_w.o(.text)
    __aeabi_memclr4                          0x00000d39   Thumb Code     0  rt_memclr_w.o(.text)
    __aeabi_memclr8                          0x00000d39   Thumb Code     0  rt_memclr_w.o(.text)
    __rt_memclr_w                            0x00000d39   Thumb Code     0  rt_memclr_w.o(.text)
    _memset_w                                0x00000d3d   Thumb Code    74  rt_memclr_w.o(.text)
    _ll_udiv10                               0x00000d87   Thumb Code   138  lludiv10.o(.text)
    _printf_int_common                       0x00000e11   Thumb Code   178  _printf_intcommon.o(.text)
    _printf_fp_dec_real                      0x00001073   Thumb Code   620  _printf_fp_dec.o(.text)
    _printf_fp_hex_real                      0x000012e1   Thumb Code   756  _printf_fp_hex.o(.text)
    _printf_cs_common                        0x000015dd   Thumb Code    20  _printf_char.o(.text)
    _printf_char                             0x000015f1   Thumb Code    16  _printf_char.o(.text)
    _printf_string                           0x00001601   Thumb Code     8  _printf_char.o(.text)
    _printf_lcs_common                       0x00001609   Thumb Code    20  _printf_wchar.o(.text)
    _printf_wchar                            0x0000161d   Thumb Code    16  _printf_wchar.o(.text)
    _printf_wstring                          0x0000162d   Thumb Code     8  _printf_wchar.o(.text)
    _c16rtomb                                0x00001635   Thumb Code    72  _c16rtomb.o(.text)
    _wcrtomb                                 0x00001635   Thumb Code     0  _c16rtomb.o(.text)
    __user_setup_stackheap                   0x0000167d   Thumb Code    74  sys_stackheap_outer.o(.text)
    __rt_ctype_table                         0x000016c9   Thumb Code    16  rt_ctype_table.o(.text)
    __rt_locale                              0x000016d9   Thumb Code    10  rt_locale_twolibspace.o(.text)
    _printf_fp_infnan                        0x000016e5   Thumb Code   112  _printf_fp_infnan.o(.text)
    _btod_etento                             0x00001765   Thumb Code   224  bigflt0.o(.text)
    exit                                     0x00001849   Thumb Code    18  exit.o(.text)
    __user_libspace                          0x0000185d   Thumb Code     8  libspace.o(.text)
    __user_perproc_libspace                  0x0000185d   Thumb Code     0  libspace.o(.text)
    _fp_init                                 0x00001865   Thumb Code    22  clib_os.o(.text.$Sub$$_fp_init)
    DoorSystem_GetOpenState                  0x00001979   Thumb Code    12  doors.o(.text.DoorSystem_GetOpenState)
    DoorSystem_GetState                      0x00001985   Thumb Code    12  doors.o(.text.DoorSystem_GetState)
    DoorSystem_Init                          0x00001991   Thumb Code   194  doors.o(.text.DoorSystem_Init)
    DoorSystem_IsIgnitionOn                  0x00001a55   Thumb Code    12  doors.o(.text.DoorSystem_IsIgnitionOn)
    DoorSystem_ResetManualOverride           0x00001a61   Thumb Code    14  doors.o(.text.DoorSystem_ResetManualOverride)
    DoorSystem_SetOpenState                  0x00001a71   Thumb Code    24  doors.o(.text.DoorSystem_SetOpenState)
    DoorSystem_SetState                      0x00001a89   Thumb Code    24  doors.o(.text.DoorSystem_SetState)
    DoorSystem_Update                        0x00001aa1   Thumb Code   706  doors.o(.text.DoorSystem_Update)
    GearSystem_GetCurrentGear                0x00001d65   Thumb Code    12  gear_system.o(.text.GearSystem_GetCurrentGear)
    GearSystem_Init                          0x00001d71   Thumb Code   126  gear_system.o(.text.GearSystem_Init)
    GearSystem_Update                        0x00001df1   Thumb Code   222  gear_system.o(.text.GearSystem_Update)
    I2C1_Init                                0x00001ed1   Thumb Code   150  lcd.o(.text.I2C1_Init)
    I2C1_Write_Multiple                      0x00001f69   Thumb Code   222  lcd.o(.text.I2C1_Write_Multiple)
    LCD_Clear                                0x0000206d   Thumb Code    16  lcd.o(.text.LCD_Clear)
    LCD_Init                                 0x0000207d   Thumb Code   252  lcd.o(.text.LCD_Init)
    LCD_command                              0x00002179   Thumb Code   172  lcd.o(.text.LCD_command)
    LCD_data                                 0x00002225   Thumb Code   172  lcd.o(.text.LCD_data)
    LCD_set_cursor                           0x000022d1   Thumb Code    56  lcd.o(.text.LCD_set_cursor)
    LCD_write_string                         0x00002309   Thumb Code    34  lcd.o(.text.LCD_write_string)
    PendSV_Handler                           0x00002491   Thumb Code   100  port.o(.text.PendSV_Handler)
    SVC_Handler                              0x00002501   Thumb Code    36  port.o(.text.SVC_Handler)
    SpeedSystem_GetCurrentSpeed              0x00002525   Thumb Code    14  speed_system.o(.text.SpeedSystem_GetCurrentSpeed)
    SpeedSystem_Init                         0x00002535   Thumb Code   168  speed_system.o(.text.SpeedSystem_Init)
    SpeedSystem_Update                       0x000025dd   Thumb Code   110  speed_system.o(.text.SpeedSystem_Update)
    SysTick_Handler                          0x0000264d   Thumb Code    30  cmsis_os2.o(.text.SysTick_Handler)
    SystemInit                               0x0000266d   Thumb Code   268  system_tm4c123.o(.text.SystemInit)
    UltrasonicSystem_GetDistance             0x00002779   Thumb Code    14  ultrasonic_system.o(.text.UltrasonicSystem_GetDistance)
    UltrasonicSystem_Init                    0x00002789   Thumb Code   336  ultrasonic_system.o(.text.UltrasonicSystem_Init)
    UltrasonicSystem_TurnOffBuzzer           0x000028d9   Thumb Code    18  ultrasonic_system.o(.text.UltrasonicSystem_TurnOffBuzzer)
    UltrasonicSystem_TurnOffLEDs             0x000028ed   Thumb Code    42  ultrasonic_system.o(.text.UltrasonicSystem_TurnOffLEDs)
    UltrasonicSystem_Update                  0x00002919   Thumb Code    60  ultrasonic_system.o(.text.UltrasonicSystem_Update)
    UltrasonicSystem_UpdateBuzzer            0x00002955   Thumb Code   192  ultrasonic_system.o(.text.UltrasonicSystem_UpdateBuzzer)
    UltrasonicSystem_UpdateLEDs              0x00002a15   Thumb Code   168  ultrasonic_system.o(.text.UltrasonicSystem_UpdateLEDs)
    _mutex_acquire                           0x00002abd   Thumb Code    40  clib_os.o(.text._mutex_acquire)
    _mutex_free                              0x00002ae5   Thumb Code    84  clib_os.o(.text._mutex_free)
    _mutex_initialize                        0x00002b39   Thumb Code   168  clib_os.o(.text._mutex_initialize)
    _mutex_release                           0x00002be1   Thumb Code    42  clib_os.o(.text._mutex_release)
    _platform_post_stackheap_init            0x00002c0d   Thumb Code     2  clib_os.o(.text._platform_post_stackheap_init)
    _sys_exit                                0x00002c11   Thumb Code    10  retarget.o(.text._sys_exit)
    main                                     0x00002c89   Thumb Code   286  main_1.o(.text.main)
    pvPortMalloc                             0x00003d99   Thumb Code   438  heap_4.o(.text.pvPortMalloc)
    pvTaskIncrementMutexHeldCount            0x00003f51   Thumb Code    36  tasks_1.o(.text.pvTaskIncrementMutexHeldCount)
    pxPortInitialiseStack                    0x00003f75   Thumb Code    94  port.o(.text.pxPortInitialiseStack)
    uxListRemove                             0x00003fd5   Thumb Code    72  list.o(.text.uxListRemove)
    vApplicationGetIdleTaskMemory            0x0000401d   Thumb Code    42  tasks_1.o(.text.vApplicationGetIdleTaskMemory)
    vApplicationGetTimerTaskMemory           0x00004049   Thumb Code    42  tasks_1.o(.text.vApplicationGetTimerTaskMemory)
    vApplicationStackOverflowHook            0x00004075   Thumb Code    10  cmsis_os2.o(.text.vApplicationStackOverflowHook)
    vDisplayTask                             0x00004081   Thumb Code   498  tasks.o(.text.vDisplayTask)
    vDoorLockTask                            0x00004275   Thumb Code   302  tasks.o(.text.vDoorLockTask)
    vDoorOpenCloseTask                       0x000043a5   Thumb Code   680  tasks.o(.text.vDoorOpenCloseTask)
    vGearTask                                0x0000464d   Thumb Code   174  tasks.o(.text.vGearTask)
    vIgnitionStatusTask                      0x000046fd   Thumb Code   338  tasks.o(.text.vIgnitionStatusTask)
    vListInitialise                          0x00004851   Thumb Code    46  list.o(.text.vListInitialise)
    vListInitialiseItem                      0x00004881   Thumb Code    14  list.o(.text.vListInitialiseItem)
    vListInsert                              0x00004891   Thumb Code   106  list.o(.text.vListInsert)
    vPortEnterCritical                       0x00004911   Thumb Code    48  port.o(.text.vPortEnterCritical)
    vPortExitCritical                        0x00004941   Thumb Code    38  port.o(.text.vPortExitCritical)
    vPortFree                                0x00004969   Thumb Code   118  heap_4.o(.text.vPortFree)
    vPortSetupTimerInterrupt                 0x000049e1   Thumb Code    68  port.o(.text.vPortSetupTimerInterrupt)
    vQueueDelete                             0x00004a25   Thumb Code    34  queue.o(.text.vQueueDelete)
    vQueueWaitForMessageRestricted           0x00004a49   Thumb Code   100  queue.o(.text.vQueueWaitForMessageRestricted)
    vSpeedTask                               0x00004aad   Thumb Code    98  tasks.o(.text.vSpeedTask)
    vTaskDelay                               0x00004b11   Thumb Code    74  tasks_1.o(.text.vTaskDelay)
    vTaskInternalSetTimeOutState             0x00004b5d   Thumb Code    36  tasks_1.o(.text.vTaskInternalSetTimeOutState)
    vTaskMissedYield                         0x00004b81   Thumb Code    14  tasks_1.o(.text.vTaskMissedYield)
    vTaskPlaceOnEventList                    0x00004b91   Thumb Code    38  tasks_1.o(.text.vTaskPlaceOnEventList)
    vTaskPlaceOnEventListRestricted          0x00004bb9   Thumb Code   100  tasks_1.o(.text.vTaskPlaceOnEventListRestricted)
    vTaskPriorityDisinheritAfterTimeout      0x00004c1d   Thumb Code   312  tasks_1.o(.text.vTaskPriorityDisinheritAfterTimeout)
    vTaskStartScheduler                      0x00004d55   Thumb Code   114  tasks_1.o(.text.vTaskStartScheduler)
    vTaskSuspendAll                          0x00004dc9   Thumb Code    16  tasks_1.o(.text.vTaskSuspendAll)
    vTaskSwitchContext                       0x00004dd9   Thumb Code   284  tasks_1.o(.text.vTaskSwitchContext)
    vUltrasonicTask                          0x00004ef5   Thumb Code   388  tasks.o(.text.vUltrasonicTask)
    xPortStartScheduler                      0x00005079   Thumb Code   108  port.o(.text.xPortStartScheduler)
    xPortSysTickHandler                      0x000050e5   Thumb Code    62  port.o(.text.xPortSysTickHandler)
    xQueueCreateMutex                        0x00005125   Thumb Code    38  queue.o(.text.xQueueCreateMutex)
    xQueueCreateMutexStatic                  0x0000514d   Thumb Code    50  queue.o(.text.xQueueCreateMutexStatic)
    xQueueGenericCreate                      0x00005181   Thumb Code   134  queue.o(.text.xQueueGenericCreate)
    xQueueGenericCreateStatic                0x00005209   Thumb Code   108  queue.o(.text.xQueueGenericCreateStatic)
    xQueueGenericReset                       0x00005275   Thumb Code   208  queue.o(.text.xQueueGenericReset)
    xQueueGenericSend                        0x00005345   Thumb Code   362  queue.o(.text.xQueueGenericSend)
    xQueueReceive                            0x000054b1   Thumb Code   338  queue.o(.text.xQueueReceive)
    xQueueSemaphoreTake                      0x00005605   Thumb Code   414  queue.o(.text.xQueueSemaphoreTake)
    xTaskCheckForTimeOut                     0x000057a5   Thumb Code   196  tasks_1.o(.text.xTaskCheckForTimeOut)
    xTaskCreate                              0x00005869   Thumb Code    82  tasks_1.o(.text.xTaskCreate)
    xTaskCreateStatic                        0x000058bd   Thumb Code    92  tasks_1.o(.text.xTaskCreateStatic)
    xTaskGetSchedulerState                   0x00005919   Thumb Code    56  tasks_1.o(.text.xTaskGetSchedulerState)
    xTaskGetTickCount                        0x00005951   Thumb Code    20  tasks_1.o(.text.xTaskGetTickCount)
    xTaskIncrementTick                       0x00005965   Thumb Code   606  tasks_1.o(.text.xTaskIncrementTick)
    xTaskPriorityDisinherit                  0x00005bc5   Thumb Code   242  tasks_1.o(.text.xTaskPriorityDisinherit)
    xTaskPriorityInherit                     0x00005cb9   Thumb Code   348  tasks_1.o(.text.xTaskPriorityInherit)
    xTaskRemoveFromEventList                 0x00005e15   Thumb Code   404  tasks_1.o(.text.xTaskRemoveFromEventList)
    xTaskResumeAll                           0x00005fa9   Thumb Code   574  tasks_1.o(.text.xTaskResumeAll)
    xTimerCreateTimerTask                    0x000061e9   Thumb Code   120  timers.o(.text.xTimerCreateTimerTask)
    _btod_d2e                                0x00006261   Thumb Code    62  btod.o(CL$$btod_d2e)
    _d2e_denorm_low                          0x0000629f   Thumb Code    70  btod.o(CL$$btod_d2e_denorm_low)
    _d2e_norm_op1                            0x000062e5   Thumb Code    96  btod.o(CL$$btod_d2e_norm_op1)
    __btod_div_common                        0x00006345   Thumb Code   696  btod.o(CL$$btod_div_common)
    _e2e                                     0x0000667d   Thumb Code   220  btod.o(CL$$btod_e2e)
    _btod_ediv                               0x00006759   Thumb Code    42  btod.o(CL$$btod_ediv)
    _btod_emul                               0x00006783   Thumb Code    42  btod.o(CL$$btod_emul)
    __btod_mult_common                       0x000067ad   Thumb Code   580  btod.o(CL$$btod_mult_common)
    __ARM_fpclassify                         0x000069f1   Thumb Code    48  fpclassify.o(i.__ARM_fpclassify)
    _is_digit                                0x00006a21   Thumb Code    14  __printf_wp.o(i._is_digit)
    _get_lc_numeric                          0x00006a31   Thumb Code    44  lc_numeric_c.o(locale$$code)
    _get_lc_ctype                            0x00006a5d   Thumb Code    44  lc_ctype_c.o(locale$$code)
    __aeabi_d2f                              0x00006a89   Thumb Code     0  d2f.o(x$fpl$d2f)
    _d2f                                     0x00006a89   Thumb Code    98  d2f.o(x$fpl$d2f)
    __aeabi_ddiv                             0x00006aed   Thumb Code     0  ddiv.o(x$fpl$ddiv)
    _ddiv                                    0x00006aed   Thumb Code   556  ddiv.o(x$fpl$ddiv)
    __aeabi_ui2d                             0x00006da1   Thumb Code     0  dflt_clz.o(x$fpl$dfltu)
    _dfltu                                   0x00006da1   Thumb Code    38  dflt_clz.o(x$fpl$dfltu)
    __aeabi_dmul                             0x00006dc9   Thumb Code     0  dmul.o(x$fpl$dmul)
    _dmul                                    0x00006dc9   Thumb Code   332  dmul.o(x$fpl$dmul)
    __fpl_dnaninf                            0x00006f1d   Thumb Code   156  dnaninf.o(x$fpl$dnaninf)
    __fpl_dretinf                            0x00006fb9   Thumb Code    12  dretinf.o(x$fpl$dretinf)
    __aeabi_f2d                              0x00006fc5   Thumb Code     0  f2d.o(x$fpl$f2d)
    _f2d                                     0x00006fc5   Thumb Code    86  f2d.o(x$fpl$f2d)
    __fpl_fnaninf                            0x0000701b   Thumb Code   140  fnaninf.o(x$fpl$fnaninf)
    $Super$$_fp_init                         0x000070a7   Thumb Code    26  fpinit.o(x$fpl$fpinit)
    __fplib_config_fpu_vfp                   0x000070bf   Thumb Code     0  fpinit.o(x$fpl$fpinit)
    __fplib_config_pureend_doubles           0x000070bf   Thumb Code     0  fpinit.o(x$fpl$fpinit)
    __fpl_fretinf                            0x000070c1   Thumb Code    10  fretinf.o(x$fpl$fretinf)
    _printf_fp_dec                           0x000070cb   Thumb Code     4  printf1.o(x$fpl$printf1)
    _printf_fp_hex                           0x000070cf   Thumb Code     4  printf2.o(x$fpl$printf2)
    __I$use$fp                               0x000070d2   Number         0  usenofp.o(x$fpl$usenofp)
    Region$$Table$$Base                      0x000072cc   Number         0  anon$$obj.o(Region$$Table)
    Region$$Table$$Limit                     0x000072ec   Number         0  anon$$obj.o(Region$$Table)
    __ctype                                  0x00007315   Data           0  lc_ctype_c.o(locale$$data)
    SystemCoreClock                          0x20000004   Data           4  system_tm4c123.o(.data.SystemCoreClock)
    __libspace_start                         0x20000018   Data          96  libspace.o(.bss)
    __temporary_stack_top$libspace           0x20000078   Data           0  libspace.o(.bss)
    pxCurrentTCB                             0x200002e4   Data           4  tasks_1.o(.bss.pxCurrentTCB)
    xLCDMutex                                0x20002be4   Data           4  main_1.o(.bss.xLCDMutex)



==============================================================================

Memory Map of the image

  Image Entry point : 0x000003c1

  Load Region LR_1 (Base: 0x00000000, Size: 0x00007430, Max: 0xffffffff, ABSOLUTE)

    Execution Region ER_RO (Exec base: 0x00000000, Load base: 0x00000000, Size: 0x00007418, Max: 0xffffffff, ABSOLUTE)

    Exec Addr    Load Addr    Size         Type   Attr      Idx    E Section Name        Object

    0x00000000   0x00000000   0x0000026c   Data   RO          471    RESET               startup_tm4c123.o
    0x0000026c   0x0000026c   0x00000008   Code   RO          983  * !!!main             c_w.l(__main.o)
    0x00000274   0x00000274   0x00000034   Code   RO         1354    !!!scatter          c_w.l(__scatter.o)
    0x000002a8   0x000002a8   0x0000001a   Code   RO         1356    !!handler_copy      c_w.l(__scatter_copy.o)
    0x000002c2   0x000002c2   0x00000002   PAD
    0x000002c4   0x000002c4   0x0000001c   Code   RO         1358    !!handler_zi        c_w.l(__scatter_zi.o)
    0x000002e0   0x000002e0   0x00000000   Code   RO         1091    .ARM.Collect$$_printf_percent$$00000000  c_w.l(_printf_percent.o)
    0x000002e0   0x000002e0   0x00000006   Code   RO         1080    .ARM.Collect$$_printf_percent$$00000001  c_w.l(_printf_n.o)
    0x000002e6   0x000002e6   0x00000006   Code   RO         1082    .ARM.Collect$$_printf_percent$$00000002  c_w.l(_printf_p.o)
    0x000002ec   0x000002ec   0x00000006   Code   RO         1087    .ARM.Collect$$_printf_percent$$00000003  c_w.l(_printf_f.o)
    0x000002f2   0x000002f2   0x00000006   Code   RO         1088    .ARM.Collect$$_printf_percent$$00000004  c_w.l(_printf_e.o)
    0x000002f8   0x000002f8   0x00000006   Code   RO         1089    .ARM.Collect$$_printf_percent$$00000005  c_w.l(_printf_g.o)
    0x000002fe   0x000002fe   0x00000006   Code   RO         1090    .ARM.Collect$$_printf_percent$$00000006  c_w.l(_printf_a.o)
    0x00000304   0x00000304   0x0000000a   Code   RO         1095    .ARM.Collect$$_printf_percent$$00000007  c_w.l(_printf_ll.o)
    0x0000030e   0x0000030e   0x00000006   Code   RO         1084    .ARM.Collect$$_printf_percent$$00000008  c_w.l(_printf_i.o)
    0x00000314   0x00000314   0x00000006   Code   RO         1085    .ARM.Collect$$_printf_percent$$00000009  c_w.l(_printf_d.o)
    0x0000031a   0x0000031a   0x00000006   Code   RO         1086    .ARM.Collect$$_printf_percent$$0000000A  c_w.l(_printf_u.o)
    0x00000320   0x00000320   0x00000006   Code   RO         1083    .ARM.Collect$$_printf_percent$$0000000B  c_w.l(_printf_o.o)
    0x00000326   0x00000326   0x00000006   Code   RO         1081    .ARM.Collect$$_printf_percent$$0000000C  c_w.l(_printf_x.o)
    0x0000032c   0x0000032c   0x00000006   Code   RO         1092    .ARM.Collect$$_printf_percent$$0000000D  c_w.l(_printf_lli.o)
    0x00000332   0x00000332   0x00000006   Code   RO         1093    .ARM.Collect$$_printf_percent$$0000000E  c_w.l(_printf_lld.o)
    0x00000338   0x00000338   0x00000006   Code   RO         1094    .ARM.Collect$$_printf_percent$$0000000F  c_w.l(_printf_llu.o)
    0x0000033e   0x0000033e   0x00000006   Code   RO         1099    .ARM.Collect$$_printf_percent$$00000010  c_w.l(_printf_llo.o)
    0x00000344   0x00000344   0x00000006   Code   RO         1100    .ARM.Collect$$_printf_percent$$00000011  c_w.l(_printf_llx.o)
    0x0000034a   0x0000034a   0x0000000a   Code   RO         1096    .ARM.Collect$$_printf_percent$$00000012  c_w.l(_printf_l.o)
    0x00000354   0x00000354   0x00000006   Code   RO         1078    .ARM.Collect$$_printf_percent$$00000013  c_w.l(_printf_c.o)
    0x0000035a   0x0000035a   0x00000006   Code   RO         1079    .ARM.Collect$$_printf_percent$$00000014  c_w.l(_printf_s.o)
    0x00000360   0x00000360   0x00000006   Code   RO         1097    .ARM.Collect$$_printf_percent$$00000015  c_w.l(_printf_lc.o)
    0x00000366   0x00000366   0x00000006   Code   RO         1098    .ARM.Collect$$_printf_percent$$00000016  c_w.l(_printf_ls.o)
    0x0000036c   0x0000036c   0x00000004   Code   RO         1156    .ARM.Collect$$_printf_percent$$00000017  c_w.l(_printf_percent_end.o)
    0x00000370   0x00000370   0x00000002   Code   RO         1211    .ARM.Collect$$libinit$$00000000  c_w.l(libinit.o)
    0x00000372   0x00000372   0x00000004   Code   RO         1232    .ARM.Collect$$libinit$$00000001  c_w.l(libinit2.o)
    0x00000376   0x00000376   0x00000000   Code   RO         1235    .ARM.Collect$$libinit$$00000004  c_w.l(libinit2.o)
    0x00000376   0x00000376   0x00000000   Code   RO         1237    .ARM.Collect$$libinit$$00000006  c_w.l(libinit2.o)
    0x00000376   0x00000376   0x00000000   Code   RO         1240    .ARM.Collect$$libinit$$0000000C  c_w.l(libinit2.o)
    0x00000376   0x00000376   0x00000000   Code   RO         1242    .ARM.Collect$$libinit$$0000000E  c_w.l(libinit2.o)
    0x00000376   0x00000376   0x00000000   Code   RO         1244    .ARM.Collect$$libinit$$00000010  c_w.l(libinit2.o)
    0x00000376   0x00000376   0x00000006   Code   RO         1245    .ARM.Collect$$libinit$$00000011  c_w.l(libinit2.o)
    0x0000037c   0x0000037c   0x00000000   Code   RO         1247    .ARM.Collect$$libinit$$00000013  c_w.l(libinit2.o)
    0x0000037c   0x0000037c   0x0000000c   Code   RO         1248    .ARM.Collect$$libinit$$00000014  c_w.l(libinit2.o)
    0x00000388   0x00000388   0x00000000   Code   RO         1249    .ARM.Collect$$libinit$$00000015  c_w.l(libinit2.o)
    0x00000388   0x00000388   0x00000000   Code   RO         1251    .ARM.Collect$$libinit$$00000017  c_w.l(libinit2.o)
    0x00000388   0x00000388   0x0000000a   Code   RO         1252    .ARM.Collect$$libinit$$00000018  c_w.l(libinit2.o)
    0x00000392   0x00000392   0x00000000   Code   RO         1253    .ARM.Collect$$libinit$$00000019  c_w.l(libinit2.o)
    0x00000392   0x00000392   0x00000000   Code   RO         1255    .ARM.Collect$$libinit$$0000001B  c_w.l(libinit2.o)
    0x00000392   0x00000392   0x00000000   Code   RO         1257    .ARM.Collect$$libinit$$0000001D  c_w.l(libinit2.o)
    0x00000392   0x00000392   0x00000000   Code   RO         1259    .ARM.Collect$$libinit$$0000001F  c_w.l(libinit2.o)
    0x00000392   0x00000392   0x00000000   Code   RO         1261    .ARM.Collect$$libinit$$00000021  c_w.l(libinit2.o)
    0x00000392   0x00000392   0x00000000   Code   RO         1263    .ARM.Collect$$libinit$$00000023  c_w.l(libinit2.o)
    0x00000392   0x00000392   0x00000000   Code   RO         1265    .ARM.Collect$$libinit$$00000025  c_w.l(libinit2.o)
    0x00000392   0x00000392   0x00000000   Code   RO         1267    .ARM.Collect$$libinit$$00000027  c_w.l(libinit2.o)
    0x00000392   0x00000392   0x00000000   Code   RO         1271    .ARM.Collect$$libinit$$0000002E  c_w.l(libinit2.o)
    0x00000392   0x00000392   0x00000000   Code   RO         1273    .ARM.Collect$$libinit$$00000030  c_w.l(libinit2.o)
    0x00000392   0x00000392   0x00000000   Code   RO         1275    .ARM.Collect$$libinit$$00000032  c_w.l(libinit2.o)
    0x00000392   0x00000392   0x00000000   Code   RO         1277    .ARM.Collect$$libinit$$00000034  c_w.l(libinit2.o)
    0x00000392   0x00000392   0x00000002   Code   RO         1278    .ARM.Collect$$libinit$$00000035  c_w.l(libinit2.o)
    0x00000394   0x00000394   0x00000002   Code   RO         1306    .ARM.Collect$$libshutdown$$00000000  c_w.l(libshutdown.o)
    0x00000396   0x00000396   0x00000000   Code   RO         1337    .ARM.Collect$$libshutdown$$00000002  c_w.l(libshutdown2.o)
    0x00000396   0x00000396   0x00000000   Code   RO         1339    .ARM.Collect$$libshutdown$$00000004  c_w.l(libshutdown2.o)
    0x00000396   0x00000396   0x00000000   Code   RO         1342    .ARM.Collect$$libshutdown$$00000007  c_w.l(libshutdown2.o)
    0x00000396   0x00000396   0x00000000   Code   RO         1345    .ARM.Collect$$libshutdown$$0000000A  c_w.l(libshutdown2.o)
    0x00000396   0x00000396   0x00000000   Code   RO         1347    .ARM.Collect$$libshutdown$$0000000C  c_w.l(libshutdown2.o)
    0x00000396   0x00000396   0x00000000   Code   RO         1350    .ARM.Collect$$libshutdown$$0000000F  c_w.l(libshutdown2.o)
    0x00000396   0x00000396   0x00000002   Code   RO         1351    .ARM.Collect$$libshutdown$$00000010  c_w.l(libshutdown2.o)
    0x00000398   0x00000398   0x00000000   Code   RO         1003    .ARM.Collect$$rtentry$$00000000  c_w.l(__rtentry.o)
    0x00000398   0x00000398   0x00000000   Code   RO         1123    .ARM.Collect$$rtentry$$00000002  c_w.l(__rtentry2.o)
    0x00000398   0x00000398   0x00000006   Code   RO         1135    .ARM.Collect$$rtentry$$00000004  c_w.l(__rtentry4.o)
    0x0000039e   0x0000039e   0x00000008   Code   RO         1124    .ARM.Collect$$rtentry$$00000008  c_w.l(__rtentry2.o)
    0x000003a6   0x000003a6   0x00000004   Code   RO         1126    .ARM.Collect$$rtentry$$0000000A  c_w.l(__rtentry2.o)
    0x000003aa   0x000003aa   0x00000000   Code   RO         1128    .ARM.Collect$$rtentry$$0000000C  c_w.l(__rtentry2.o)
    0x000003aa   0x000003aa   0x00000008   Code   RO         1129    .ARM.Collect$$rtentry$$0000000D  c_w.l(__rtentry2.o)
    0x000003b2   0x000003b2   0x00000002   Code   RO         1219    .ARM.Collect$$rtexit$$00000000  c_w.l(rtexit.o)
    0x000003b4   0x000003b4   0x00000000   Code   RO         1280    .ARM.Collect$$rtexit$$00000002  c_w.l(rtexit2.o)
    0x000003b4   0x000003b4   0x00000004   Code   RO         1281    .ARM.Collect$$rtexit$$00000003  c_w.l(rtexit2.o)
    0x000003b8   0x000003b8   0x00000006   Code   RO         1282    .ARM.Collect$$rtexit$$00000004  c_w.l(rtexit2.o)
    0x000003be   0x000003be   0x00000002   PAD
    0x000003c0   0x000003c0   0x00000114   Code   RO          472  * .text               startup_tm4c123.o
    0x000004d4   0x000004d4   0x000000f0   Code   RO          965    .text               c_w.l(lludivv7m.o)
    0x000005c4   0x000005c4   0x00000040   Code   RO          969    .text               c_w.l(snprintf.o)
    0x00000604   0x00000604   0x0000008a   Code   RO          973    .text               c_w.l(rt_memcpy_v6.o)
    0x0000068e   0x0000068e   0x00000010   Code   RO          975    .text               c_w.l(aeabi_memset4.o)
    0x0000069e   0x0000069e   0x00000044   Code   RO          977    .text               c_w.l(rt_memclr.o)
    0x000006e2   0x000006e2   0x00000006   PAD
    0x000006e8   0x000006e8   0x0000007c   Code   RO          979    .text               c_w.l(strcmpv7em.o)
    0x00000764   0x00000764   0x00000006   Code   RO          981    .text               c_w.l(heapauxi.o)
    0x0000076a   0x0000076a   0x0000004e   Code   RO         1010    .text               c_w.l(_printf_pad.o)
    0x000007b8   0x000007b8   0x00000024   Code   RO         1012    .text               c_w.l(_printf_truncate.o)
    0x000007dc   0x000007dc   0x00000052   Code   RO         1014    .text               c_w.l(_printf_str.o)
    0x0000082e   0x0000082e   0x00000002   PAD
    0x00000830   0x00000830   0x00000078   Code   RO         1016    .text               c_w.l(_printf_dec.o)
    0x000008a8   0x000008a8   0x00000028   Code   RO         1018    .text               c_w.l(_printf_charcount.o)
    0x000008d0   0x000008d0   0x00000030   Code   RO         1020    .text               c_w.l(_printf_char_common.o)
    0x00000900   0x00000900   0x00000010   Code   RO         1024    .text               c_w.l(_snputc.o)
    0x00000910   0x00000910   0x000000bc   Code   RO         1026    .text               c_w.l(_printf_wctomb.o)
    0x000009cc   0x000009cc   0x0000007c   Code   RO         1029    .text               c_w.l(_printf_longlong_dec.o)
    0x00000a48   0x00000a48   0x00000070   Code   RO         1035    .text               c_w.l(_printf_oct_int_ll.o)
    0x00000ab8   0x00000ab8   0x00000094   Code   RO         1055    .text               c_w.l(_printf_hex_int_ll_ptr.o)
    0x00000b4c   0x00000b4c   0x00000188   Code   RO         1075    .text               c_w.l(__printf_flags_ss_wp.o)
    0x00000cd4   0x00000cd4   0x00000064   Code   RO         1101    .text               c_w.l(rt_memcpy_w.o)
    0x00000d38   0x00000d38   0x0000004e   Code   RO         1103    .text               c_w.l(rt_memclr_w.o)
    0x00000d86   0x00000d86   0x0000008a   Code   RO         1139    .text               c_w.l(lludiv10.o)
    0x00000e10   0x00000e10   0x000000b2   Code   RO         1141    .text               c_w.l(_printf_intcommon.o)
    0x00000ec2   0x00000ec2   0x0000041c   Code   RO         1143    .text               c_w.l(_printf_fp_dec.o)
    0x000012de   0x000012de   0x00000002   PAD
    0x000012e0   0x000012e0   0x000002fc   Code   RO         1147    .text               c_w.l(_printf_fp_hex.o)
    0x000015dc   0x000015dc   0x0000002c   Code   RO         1152    .text               c_w.l(_printf_char.o)
    0x00001608   0x00001608   0x0000002c   Code   RO         1154    .text               c_w.l(_printf_wchar.o)
    0x00001634   0x00001634   0x00000048   Code   RO         1157    .text               c_w.l(_c16rtomb.o)
    0x0000167c   0x0000167c   0x0000004a   Code   RO         1159    .text               c_w.l(sys_stackheap_outer.o)
    0x000016c6   0x000016c6   0x00000002   PAD
    0x000016c8   0x000016c8   0x00000010   Code   RO         1161    .text               c_w.l(rt_ctype_table.o)
    0x000016d8   0x000016d8   0x0000000a   Code   RO         1168    .text               c_w.l(rt_locale_twolibspace.o)
    0x000016e2   0x000016e2   0x00000002   PAD
    0x000016e4   0x000016e4   0x00000080   Code   RO         1170    .text               c_w.l(_printf_fp_infnan.o)
    0x00001764   0x00001764   0x000000e4   Code   RO         1172    .text               c_w.l(bigflt0.o)
    0x00001848   0x00001848   0x00000012   Code   RO         1202    .text               c_w.l(exit.o)
    0x0000185a   0x0000185a   0x00000002   PAD
    0x0000185c   0x0000185c   0x00000008   Code   RO         1216    .text               c_w.l(libspace.o)
    0x00001864   0x00001864   0x00000016   Code   RO          218    .text.$Sub$$_fp_init  clib_os.o
    0x0000187a   0x0000187a   0x00000002   PAD
    0x0000187c   0x0000187c   0x000000fc   Code   RO           94    .text.CalculateSpeed  speed_system.o
    0x00001978   0x00001978   0x0000000c   Code   RO          147    .text.DoorSystem_GetOpenState  doors.o
    0x00001984   0x00001984   0x0000000c   Code   RO          155    .text.DoorSystem_GetState  doors.o
    0x00001990   0x00001990   0x000000c2   Code   RO          143    .text.DoorSystem_Init  doors.o
    0x00001a52   0x00001a52   0x00000002   PAD
    0x00001a54   0x00001a54   0x0000000c   Code   RO          145    .text.DoorSystem_IsIgnitionOn  doors.o
    0x00001a60   0x00001a60   0x0000000e   Code   RO          157    .text.DoorSystem_ResetManualOverride  doors.o
    0x00001a6e   0x00001a6e   0x00000002   PAD
    0x00001a70   0x00001a70   0x00000018   Code   RO          149    .text.DoorSystem_SetOpenState  doors.o
    0x00001a88   0x00001a88   0x00000018   Code   RO          153    .text.DoorSystem_SetState  doors.o
    0x00001aa0   0x00001aa0   0x000002c2   Code   RO          151    .text.DoorSystem_Update  doors.o
    0x00001d62   0x00001d62   0x00000002   PAD
    0x00001d64   0x00001d64   0x0000000c   Code   RO          179    .text.GearSystem_GetCurrentGear  gear_system.o
    0x00001d70   0x00001d70   0x0000007e   Code   RO          175    .text.GearSystem_Init  gear_system.o
    0x00001dee   0x00001dee   0x00000002   PAD
    0x00001df0   0x00001df0   0x000000de   Code   RO          177    .text.GearSystem_Update  gear_system.o
    0x00001ece   0x00001ece   0x00000002   PAD
    0x00001ed0   0x00001ed0   0x00000096   Code   RO           58    .text.I2C1_Init     lcd.o
    0x00001f66   0x00001f66   0x00000002   PAD
    0x00001f68   0x00001f68   0x000000de   Code   RO           50    .text.I2C1_Write_Multiple  lcd.o
    0x00002046   0x00002046   0x00000002   PAD
    0x00002048   0x00002048   0x00000024   Code   RO           70    .text.I2C_wait      lcd.o
    0x0000206c   0x0000206c   0x00000010   Code   RO           60    .text.LCD_Clear     lcd.o
    0x0000207c   0x0000207c   0x000000fc   Code   RO           56    .text.LCD_Init      lcd.o
    0x00002178   0x00002178   0x000000ac   Code   RO           48    .text.LCD_command   lcd.o
    0x00002224   0x00002224   0x000000ac   Code   RO           54    .text.LCD_data      lcd.o
    0x000022d0   0x000022d0   0x00000038   Code   RO           62    .text.LCD_set_cursor  lcd.o
    0x00002308   0x00002308   0x00000022   Code   RO           64    .text.LCD_write_string  lcd.o
    0x0000232a   0x0000232a   0x00000006   PAD
    0x00002330   0x00002330   0x0000015c   Code   RO          196    .text.MeasureDistance  ultrasonic_system.o
    0x0000248c   0x0000248c   0x00000004   PAD
    0x00002490   0x00002490   0x00000064   Code   RO          570    .text.PendSV_Handler  port.o
    0x000024f4   0x000024f4   0x0000000c   PAD
    0x00002500   0x00002500   0x00000024   Code   RO          554    .text.SVC_Handler   port.o
    0x00002524   0x00002524   0x0000000e   Code   RO           96    .text.SpeedSystem_GetCurrentSpeed  speed_system.o
    0x00002532   0x00002532   0x00000002   PAD
    0x00002534   0x00002534   0x000000a8   Code   RO           90    .text.SpeedSystem_Init  speed_system.o
    0x000025dc   0x000025dc   0x0000006e   Code   RO           92    .text.SpeedSystem_Update  speed_system.o
    0x0000264a   0x0000264a   0x00000002   PAD
    0x0000264c   0x0000264c   0x0000001e   Code   RO          245    .text.SysTick_Handler  cmsis_os2.o
    0x0000266a   0x0000266a   0x00000002   PAD
    0x0000266c   0x0000266c   0x0000010c   Code   RO          483    .text.SystemInit    system_tm4c123.o
    0x00002778   0x00002778   0x0000000e   Code   RO          192    .text.UltrasonicSystem_GetDistance  ultrasonic_system.o
    0x00002786   0x00002786   0x00000002   PAD
    0x00002788   0x00002788   0x00000150   Code   RO          190    .text.UltrasonicSystem_Init  ultrasonic_system.o
    0x000028d8   0x000028d8   0x00000012   Code   RO          200    .text.UltrasonicSystem_TurnOffBuzzer  ultrasonic_system.o
    0x000028ea   0x000028ea   0x00000002   PAD
    0x000028ec   0x000028ec   0x0000002a   Code   RO          198    .text.UltrasonicSystem_TurnOffLEDs  ultrasonic_system.o
    0x00002916   0x00002916   0x00000002   PAD
    0x00002918   0x00002918   0x0000003c   Code   RO          194    .text.UltrasonicSystem_Update  ultrasonic_system.o
    0x00002954   0x00002954   0x000000c0   Code   RO          204    .text.UltrasonicSystem_UpdateBuzzer  ultrasonic_system.o
    0x00002a14   0x00002a14   0x000000a8   Code   RO          202    .text.UltrasonicSystem_UpdateLEDs  ultrasonic_system.o
    0x00002abc   0x00002abc   0x00000028   Code   RO          226    .text._mutex_acquire  clib_os.o
    0x00002ae4   0x00002ae4   0x00000054   Code   RO          232    .text._mutex_free   clib_os.o
    0x00002b38   0x00002b38   0x000000a8   Code   RO          224    .text._mutex_initialize  clib_os.o
    0x00002be0   0x00002be0   0x0000002a   Code   RO          230    .text._mutex_release  clib_os.o
    0x00002c0a   0x00002c0a   0x00000002   PAD
    0x00002c0c   0x00002c0c   0x00000002   Code   RO          216    .text._platform_post_stackheap_init  clib_os.o
    0x00002c0e   0x00002c0e   0x00000002   PAD
    0x00002c10   0x00002c10   0x0000000a   Code   RO           39    .text._sys_exit     retarget.o
    0x00002c1a   0x00002c1a   0x00000002   PAD
    0x00002c1c   0x00002c1c   0x0000004c   Code   RO           52    .text.delay_ms      lcd.o
    0x00002c68   0x00002c68   0x00000020   Code   RO          228    .text.is_thread_mode  clib_os.o
    0x00002c88   0x00002c88   0x0000011e   Code   RO            2    .text.main          main_1.o
    0x00002da6   0x00002da6   0x00000002   PAD
    0x00002da8   0x00002da8   0x00000020   Code   RO          222    .text.os_kernel_is_active  clib_os.o
    0x00002dc8   0x00002dc8   0x0000010e   Code   RO          723    .text.prvAddCurrentTaskToDelayedList  tasks_1.o
    0x00002ed6   0x00002ed6   0x00000002   PAD
    0x00002ed8   0x00002ed8   0x00000170   Code   RO          707    .text.prvAddNewTaskToReadyList  tasks_1.o
    0x00003048   0x00003048   0x0000007e   Code   RO          885    .text.prvCheckForValidListAndQueue  timers.o
    0x000030c6   0x000030c6   0x00000002   PAD
    0x000030c8   0x000030c8   0x0000005a   Code   RO          757    .text.prvCheckTasksWaitingTermination  tasks_1.o
    0x00003122   0x00003122   0x00000002   PAD
    0x00003124   0x00003124   0x00000042   Code   RO          660    .text.prvCopyDataFromQueue  queue.o
    0x00003166   0x00003166   0x00000002   PAD
    0x00003168   0x00003168   0x000000cc   Code   RO          648    .text.prvCopyDataToQueue  queue.o
    0x00003234   0x00003234   0x000000c8   Code   RO          753    .text.prvCreateIdleTasks  tasks_1.o
    0x000032fc   0x000032fc   0x00000078   Code   RO          705    .text.prvCreateStaticTask  tasks_1.o
    0x00003374   0x00003374   0x0000008e   Code   RO          711    .text.prvCreateTask  tasks_1.o
    0x00003402   0x00003402   0x00000002   PAD
    0x00003404   0x00003404   0x0000003c   Code   RO          717    .text.prvDeleteTCB  tasks_1.o
    0x00003440   0x00003440   0x00000026   Code   RO          664    .text.prvGetDisinheritPriorityAfterTimeout  queue.o
    0x00003466   0x00003466   0x00000002   PAD
    0x00003468   0x00003468   0x00000040   Code   RO          931    .text.prvGetNextExpireTime  timers.o
    0x000034a8   0x000034a8   0x000000aa   Code   RO          584    .text.prvHeapInit   heap_4.o
    0x00003552   0x00003552   0x00000002   PAD
    0x00003554   0x00003554   0x00000038   Code   RO          847    .text.prvIdleTask   tasks_1.o
    0x0000358c   0x0000358c   0x0000002c   Code   RO          628    .text.prvInitialiseMutex  queue.o
    0x000035b8   0x000035b8   0x00000048   Code   RO          620    .text.prvInitialiseNewQueue  queue.o
    0x00003600   0x00003600   0x000000e6   Code   RO          843    .text.prvInitialiseNewTask  tasks_1.o
    0x000036e6   0x000036e6   0x00000002   PAD
    0x000036e8   0x000036e8   0x0000008e   Code   RO          845    .text.prvInitialiseTaskLists  tasks_1.o
    0x00003776   0x00003776   0x00000002   PAD
    0x00003778   0x00003778   0x000000d8   Code   RO          588    .text.prvInsertBlockIntoFreeList  heap_4.o
    0x00003850   0x00003850   0x00000086   Code   RO          945    .text.prvInsertTimerInActiveList  timers.o
    0x000038d6   0x000038d6   0x00000002   PAD
    0x000038d8   0x000038d8   0x00000028   Code   RO          662    .text.prvIsQueueEmpty  queue.o
    0x00003900   0x00003900   0x0000002e   Code   RO          650    .text.prvIsQueueFull  queue.o
    0x0000392e   0x0000392e   0x00000002   PAD
    0x00003930   0x00003930   0x00000028   Code   RO          562    .text.prvPortStartFirstTask  port.o
    0x00003958   0x00003958   0x00000054   Code   RO          939    .text.prvProcessExpiredTimer  timers.o
    0x000039ac   0x000039ac   0x0000014e   Code   RO          935    .text.prvProcessReceivedCommands  timers.o
    0x00003afa   0x00003afa   0x00000002   PAD
    0x00003afc   0x00003afc   0x0000009a   Code   RO          933    .text.prvProcessTimerOrBlockTask  timers.o
    0x00003b96   0x00003b96   0x00000002   PAD
    0x00003b98   0x00003b98   0x00000034   Code   RO          943    .text.prvReloadTimer  timers.o
    0x00003bcc   0x00003bcc   0x0000003c   Code   RO          715    .text.prvResetNextTaskUnblockTime  tasks_1.o
    0x00003c08   0x00003c08   0x00000044   Code   RO          937    .text.prvSampleTimeNow  timers.o
    0x00003c4c   0x00003c4c   0x00000052   Code   RO          941    .text.prvSwitchTimerLists  timers.o
    0x00003c9e   0x00003c9e   0x00000002   PAD
    0x00003ca0   0x00003ca0   0x00000026   Code   RO          552    .text.prvTaskExitError  port.o
    0x00003cc6   0x00003cc6   0x00000002   PAD
    0x00003cc8   0x00003cc8   0x0000001e   Code   RO          887    .text.prvTimerTask  timers.o
    0x00003ce6   0x00003ce6   0x00000002   PAD
    0x00003ce8   0x00003ce8   0x000000ae   Code   RO          652    .text.prvUnlockQueue  queue.o
    0x00003d96   0x00003d96   0x00000002   PAD
    0x00003d98   0x00003d98   0x000001b6   Code   RO          582    .text.pvPortMalloc  heap_4.o
    0x00003f4e   0x00003f4e   0x00000002   PAD
    0x00003f50   0x00003f50   0x00000024   Code   RO          821    .text.pvTaskIncrementMutexHeldCount  tasks_1.o
    0x00003f74   0x00003f74   0x0000005e   Code   RO          550    .text.pxPortInitialiseStack  port.o
    0x00003fd2   0x00003fd2   0x00000002   PAD
    0x00003fd4   0x00003fd4   0x00000048   Code   RO          541    .text.uxListRemove  list.o
    0x0000401c   0x0000401c   0x0000002a   Code   RO          837    .text.vApplicationGetIdleTaskMemory  tasks_1.o
    0x00004046   0x00004046   0x00000002   PAD
    0x00004048   0x00004048   0x0000002a   Code   RO          839    .text.vApplicationGetTimerTaskMemory  tasks_1.o
    0x00004072   0x00004072   0x00000002   PAD
    0x00004074   0x00004074   0x0000000a   Code   RO          399    .text.vApplicationStackOverflowHook  cmsis_os2.o
    0x0000407e   0x0000407e   0x00000002   PAD
    0x00004080   0x00004080   0x000001f2   Code   RO          118    .text.vDisplayTask  tasks.o
    0x00004272   0x00004272   0x00000002   PAD
    0x00004274   0x00004274   0x0000012e   Code   RO          108    .text.vDoorLockTask  tasks.o
    0x000043a2   0x000043a2   0x00000002   PAD
    0x000043a4   0x000043a4   0x000002a8   Code   RO          110    .text.vDoorOpenCloseTask  tasks.o
    0x0000464c   0x0000464c   0x000000ae   Code   RO          116    .text.vGearTask     tasks.o
    0x000046fa   0x000046fa   0x00000002   PAD
    0x000046fc   0x000046fc   0x00000152   Code   RO          120    .text.vIgnitionStatusTask  tasks.o
    0x0000484e   0x0000484e   0x00000002   PAD
    0x00004850   0x00004850   0x0000002e   Code   RO          533    .text.vListInitialise  list.o
    0x0000487e   0x0000487e   0x00000002   PAD
    0x00004880   0x00004880   0x0000000e   Code   RO          535    .text.vListInitialiseItem  list.o
    0x0000488e   0x0000488e   0x00000002   PAD
    0x00004890   0x00004890   0x0000006a   Code   RO          539    .text.vListInsert   list.o
    0x000048fa   0x000048fa   0x00000002   PAD
    0x000048fc   0x000048fc   0x00000014   Code   RO          560    .text.vPortEnableVFP  port.o
    0x00004910   0x00004910   0x00000030   Code   RO          566    .text.vPortEnterCritical  port.o
    0x00004940   0x00004940   0x00000026   Code   RO          568    .text.vPortExitCritical  port.o
    0x00004966   0x00004966   0x00000002   PAD
    0x00004968   0x00004968   0x00000076   Code   RO          586    .text.vPortFree     heap_4.o
    0x000049de   0x000049de   0x00000002   PAD
    0x000049e0   0x000049e0   0x00000044   Code   RO          558    .text.vPortSetupTimerInterrupt  port.o
    0x00004a24   0x00004a24   0x00000022   Code   RO          678    .text.vQueueDelete  queue.o
    0x00004a46   0x00004a46   0x00000002   PAD
    0x00004a48   0x00004a48   0x00000064   Code   RO          694    .text.vQueueWaitForMessageRestricted  queue.o
    0x00004aac   0x00004aac   0x00000062   Code   RO          114    .text.vSpeedTask    tasks.o
    0x00004b0e   0x00004b0e   0x00000002   PAD
    0x00004b10   0x00004b10   0x0000004a   Code   RO          727    .text.vTaskDelay    tasks_1.o
    0x00004b5a   0x00004b5a   0x00000002   PAD
    0x00004b5c   0x00004b5c   0x00000024   Code   RO          791    .text.vTaskInternalSetTimeOutState  tasks_1.o
    0x00004b80   0x00004b80   0x0000000e   Code   RO          795    .text.vTaskMissedYield  tasks_1.o
    0x00004b8e   0x00004b8e   0x00000002   PAD
    0x00004b90   0x00004b90   0x00000026   Code   RO          779    .text.vTaskPlaceOnEventList  tasks_1.o
    0x00004bb6   0x00004bb6   0x00000002   PAD
    0x00004bb8   0x00004bb8   0x00000064   Code   RO          783    .text.vTaskPlaceOnEventListRestricted  tasks_1.o
    0x00004c1c   0x00004c1c   0x00000138   Code   RO          817    .text.vTaskPriorityDisinheritAfterTimeout  tasks_1.o
    0x00004d54   0x00004d54   0x00000072   Code   RO          751    .text.vTaskStartScheduler  tasks_1.o
    0x00004dc6   0x00004dc6   0x00000002   PAD
    0x00004dc8   0x00004dc8   0x00000010   Code   RO          721    .text.vTaskSuspendAll  tasks_1.o
    0x00004dd8   0x00004dd8   0x0000011c   Code   RO          743    .text.vTaskSwitchContext  tasks_1.o
    0x00004ef4   0x00004ef4   0x00000184   Code   RO          112    .text.vUltrasonicTask  tasks.o
    0x00005078   0x00005078   0x0000006c   Code   RO          556    .text.xPortStartScheduler  port.o
    0x000050e4   0x000050e4   0x0000003e   Code   RO          572    .text.xPortSysTickHandler  port.o
    0x00005122   0x00005122   0x00000002   PAD
    0x00005124   0x00005124   0x00000026   Code   RO          626    .text.xQueueCreateMutex  queue.o
    0x0000514a   0x0000514a   0x00000002   PAD
    0x0000514c   0x0000514c   0x00000032   Code   RO          630    .text.xQueueCreateMutexStatic  queue.o
    0x0000517e   0x0000517e   0x00000002   PAD
    0x00005180   0x00005180   0x00000086   Code   RO          624    .text.xQueueGenericCreate  queue.o
    0x00005206   0x00005206   0x00000002   PAD
    0x00005208   0x00005208   0x0000006c   Code   RO          618    .text.xQueueGenericCreateStatic  queue.o
    0x00005274   0x00005274   0x000000d0   Code   RO          616    .text.xQueueGenericReset  queue.o
    0x00005344   0x00005344   0x0000016a   Code   RO          638    .text.xQueueGenericSend  queue.o
    0x000054ae   0x000054ae   0x00000002   PAD
    0x000054b0   0x000054b0   0x00000152   Code   RO          658    .text.xQueueReceive  queue.o
    0x00005602   0x00005602   0x00000002   PAD
    0x00005604   0x00005604   0x0000019e   Code   RO          642    .text.xQueueSemaphoreTake  queue.o
    0x000057a2   0x000057a2   0x00000002   PAD
    0x000057a4   0x000057a4   0x000000c4   Code   RO          793    .text.xTaskCheckForTimeOut  tasks_1.o
    0x00005868   0x00005868   0x00000052   Code   RO          709    .text.xTaskCreate   tasks_1.o
    0x000058ba   0x000058ba   0x00000002   PAD
    0x000058bc   0x000058bc   0x0000005c   Code   RO          703    .text.xTaskCreateStatic  tasks_1.o
    0x00005918   0x00005918   0x00000038   Code   RO          811    .text.xTaskGetSchedulerState  tasks_1.o
    0x00005950   0x00005950   0x00000014   Code   RO          761    .text.xTaskGetTickCount  tasks_1.o
    0x00005964   0x00005964   0x0000025e   Code   RO          759    .text.xTaskIncrementTick  tasks_1.o
    0x00005bc2   0x00005bc2   0x00000002   PAD
    0x00005bc4   0x00005bc4   0x000000f2   Code   RO          815    .text.xTaskPriorityDisinherit  tasks_1.o
    0x00005cb6   0x00005cb6   0x00000002   PAD
    0x00005cb8   0x00005cb8   0x0000015c   Code   RO          813    .text.xTaskPriorityInherit  tasks_1.o
    0x00005e14   0x00005e14   0x00000194   Code   RO          785    .text.xTaskRemoveFromEventList  tasks_1.o
    0x00005fa8   0x00005fa8   0x0000023e   Code   RO          725    .text.xTaskResumeAll  tasks_1.o
    0x000061e6   0x000061e6   0x00000002   PAD
    0x000061e8   0x000061e8   0x00000078   Code   RO          883    .text.xTimerCreateTimerTask  timers.o
    0x00006260   0x00006260   0x0000003e   Code   RO         1175    CL$$btod_d2e        c_w.l(btod.o)
    0x0000629e   0x0000629e   0x00000046   Code   RO         1177    CL$$btod_d2e_denorm_low  c_w.l(btod.o)
    0x000062e4   0x000062e4   0x00000060   Code   RO         1176    CL$$btod_d2e_norm_op1  c_w.l(btod.o)
    0x00006344   0x00006344   0x00000338   Code   RO         1185    CL$$btod_div_common  c_w.l(btod.o)
    0x0000667c   0x0000667c   0x000000dc   Code   RO         1182    CL$$btod_e2e        c_w.l(btod.o)
    0x00006758   0x00006758   0x0000002a   Code   RO         1179    CL$$btod_ediv       c_w.l(btod.o)
    0x00006782   0x00006782   0x0000002a   Code   RO         1178    CL$$btod_emul       c_w.l(btod.o)
    0x000067ac   0x000067ac   0x00000244   Code   RO         1184    CL$$btod_mult_common  c_w.l(btod.o)
    0x000069f0   0x000069f0   0x00000030   Code   RO         1214    i.__ARM_fpclassify  m_wm.l(fpclassify.o)
    0x00006a20   0x00006a20   0x0000000e   Code   RO         1068    i._is_digit         c_w.l(__printf_wp.o)
    0x00006a2e   0x00006a2e   0x00000002   PAD
    0x00006a30   0x00006a30   0x0000002c   Code   RO         1200    locale$$code        c_w.l(lc_numeric_c.o)
    0x00006a5c   0x00006a5c   0x0000002c   Code   RO         1226    locale$$code        c_w.l(lc_ctype_c.o)
    0x00006a88   0x00006a88   0x00000062   Code   RO          985    x$fpl$d2f           fz_wm.l(d2f.o)
    0x00006aea   0x00006aea   0x00000002   PAD
    0x00006aec   0x00006aec   0x000002b4   Code   RO          988    x$fpl$ddiv          fz_wm.l(ddiv.o)
    0x00006da0   0x00006da0   0x00000026   Code   RO          991    x$fpl$dfltu         fz_wm.l(dflt_clz.o)
    0x00006dc6   0x00006dc6   0x00000002   PAD
    0x00006dc8   0x00006dc8   0x00000154   Code   RO          997    x$fpl$dmul          fz_wm.l(dmul.o)
    0x00006f1c   0x00006f1c   0x0000009c   Code   RO         1105    x$fpl$dnaninf       fz_wm.l(dnaninf.o)
    0x00006fb8   0x00006fb8   0x0000000c   Code   RO         1107    x$fpl$dretinf       fz_wm.l(dretinf.o)
    0x00006fc4   0x00006fc4   0x00000056   Code   RO          999    x$fpl$f2d           fz_wm.l(f2d.o)
    0x0000701a   0x0000701a   0x0000008c   Code   RO         1109    x$fpl$fnaninf       fz_wm.l(fnaninf.o)
    0x000070a6   0x000070a6   0x0000001a   Code   RO         1001    x$fpl$fpinit        fz_wm.l(fpinit.o)
    0x000070c0   0x000070c0   0x0000000a   Code   RO         1111    x$fpl$fretinf       fz_wm.l(fretinf.o)
    0x000070ca   0x000070ca   0x00000004   Code   RO         1113    x$fpl$printf1       fz_wm.l(printf1.o)
    0x000070ce   0x000070ce   0x00000004   Code   RO         1115    x$fpl$printf2       fz_wm.l(printf2.o)
    0x000070d2   0x000070d2   0x00000000   Code   RO         1121    x$fpl$usenofp       fz_wm.l(usenofp.o)
    0x000070d2   0x000070d2   0x00000002   PAD
    0x000070d4   0x000070d4   0x00000008   Data   RO         1027    .constdata          c_w.l(_printf_wctomb.o)
    0x000070dc   0x000070dc   0x00000028   Data   RO         1056    .constdata          c_w.l(_printf_hex_int_ll_ptr.o)
    0x00007104   0x00007104   0x00000011   Data   RO         1076    .constdata          c_w.l(__printf_flags_ss_wp.o)
    0x00007115   0x00007115   0x00000026   Data   RO         1148    .constdata          c_w.l(_printf_fp_hex.o)
    0x0000713b   0x0000713b   0x00000001   PAD
    0x0000713c   0x0000713c   0x00000094   Data   RO         1173    .constdata          c_w.l(bigflt0.o)
    0x000071d0   0x000071d0   0x00000044   Data   RO           12    .rodata.str1.1      main_1.o
    0x00007214   0x00007214   0x000000a7   Data   RO          125    .rodata.str1.1      tasks.o
    0x000072bb   0x000072bb   0x00000005   Data   RO          875    .rodata.str1.1      tasks_1.o
    0x000072c0   0x000072c0   0x00000008   Data   RO          948    .rodata.str1.1      timers.o
    0x000072c8   0x000072c8   0x00000004   Data   RO          866    .rodata.uxTopUsedPriority  tasks_1.o
    0x000072cc   0x000072cc   0x00000020   Data   RO         1353    Region$$Table       anon$$obj.o
    0x000072ec   0x000072ec   0x0000001c   Data   RO         1199    locale$$data        c_w.l(lc_numeric_c.o)
    0x00007308   0x00007308   0x00000110   Data   RO         1225    locale$$data        c_w.l(lc_ctype_c.o)


    Execution Region ER_RW (Exec base: 0x20000000, Load base: 0x00007418, Size: 0x00000018, Max: 0xffffffff, ABSOLUTE)

    Exec Addr    Load Addr    Size         Type   Attr      Idx    E Section Name        Object

    0x20000000   0x00007418   0x00000001   Data   RW          165    .data.DoorSystem_Update.debounceDelay  doors.o
    0x20000001   0x00007419   0x00000001   Data   RW          163    .data.DoorSystem_Update.prevDoorSwitchState  doors.o
    0x20000002   0x0000741a   0x00000001   Data   RW          161    .data.DoorSystem_Update.prevLockState  doors.o
    0x20000003   0x0000741b   0x00000001   Data   RW          162    .data.DoorSystem_Update.prevUnlockState  doors.o
    0x20000004   0x0000741c   0x00000004   Data   RW          485    .data.SystemCoreClock  system_tm4c123.o
    0x20000008   0x00007420   0x00000001   Data   RW          159    .data.ignitionState  doors.o
    0x20000009   0x00007421   0x00000003   PAD
    0x2000000c   0x00007424   0x00000004   Data   RW           99    .data.minADCValue   speed_system.o
    0x20000010   0x00007428   0x00000004   Data   RW          574    .data.uxCriticalNesting  port.o
    0x20000014   0x0000742c   0x00000001   Data   RW          133    .data.vIgnitionStatusTask.lastIgnitionState  tasks.o
    0x20000015   0x0000742d   0x00000001   Data   RW          131    .data.vUltrasonicTask.lastGear  tasks.o


    Execution Region ER_ZI (Exec base: 0x20000018, Load base: 0x00007430, Size: 0x00002e40, Max: 0xffffffff, ABSOLUTE)

    Exec Addr    Load Addr    Size         Type   Attr      Idx    E Section Name        Object

    0x20000018        -       0x00000060   Zero   RW         1217    .bss                c_w.l(libspace.o)
    0x20000078        -       0x00000004   Zero   RW          164    .bss.DoorSystem_Update.lastDebounceTime  doors.o
    0x2000007c        -       0x00000004   Zero   RW          208    .bss.UltrasonicSystem_UpdateBuzzer.lastBeepTime  ultrasonic_system.o
    0x20000080        -       0x00000190   Zero   RW          237    .bss.clib_mutex_cb  clib_os.o
    0x20000210        -       0x00000014   Zero   RW          236    .bss.clib_mutex_id  clib_os.o
    0x20000224        -       0x00000004   Zero   RW          206    .bss.currentDistance  ultrasonic_system.o
    0x20000228        -       0x00000001   Zero   RW          160    .bss.currentDoorOpenState  doors.o
    0x20000229        -       0x00000001   Zero   RW          166    .bss.currentDoorState  doors.o
    0x2000022a        -       0x00000001   Zero   RW          182    .bss.currentGear    gear_system.o
    0x2000022b   0x00007430   0x00000001   PAD
    0x2000022c        -       0x00000004   Zero   RW           98    .bss.currentSpeed   speed_system.o
    0x20000230        -       0x00000004   Zero   RW          207    .bss.lastMeasurementTime  ultrasonic_system.o
    0x20000234        -       0x00000004   Zero   RW           72    .bss.lcdMutex       lcd.o
    0x20000238        -       0x00000001   Zero   RW          167    .bss.manualOverride  doors.o
    0x20000239   0x00007430   0x00000003   PAD
    0x2000023c        -       0x00000004   Zero   RW          100    .bss.maxADCValue    speed_system.o
    0x20000240        -       0x00000050   Zero   RW          956    .bss.prvCheckForValidListAndQueue.ucStaticTimerQueueStorage  timers.o
    0x20000290        -       0x00000050   Zero   RW          955    .bss.prvCheckForValidListAndQueue.xStaticTimerQueue  timers.o
    0x200002e0        -       0x00000004   Zero   RW          952    .bss.prvSampleTimeNow.xLastTime  timers.o
    0x200002e4        -       0x00000004   Zero   RW          849    .bss.pxCurrentTCB   tasks_1.o
    0x200002e8        -       0x00000004   Zero   RW          950    .bss.pxCurrentTimerList  timers.o
    0x200002ec        -       0x00000004   Zero   RW          856    .bss.pxDelayedTaskList  tasks_1.o
    0x200002f0        -       0x00000004   Zero   RW          602    .bss.pxEnd          heap_4.o
    0x200002f4        -       0x00000004   Zero   RW          857    .bss.pxOverflowDelayedTaskList  tasks_1.o
    0x200002f8        -       0x00000004   Zero   RW          951    .bss.pxOverflowTimerList  timers.o
    0x200002fc        -       0x00000460   Zero   RW          860    .bss.pxReadyTasksLists  tasks_1.o
    0x2000075c        -       0x00002000   Zero   RW          608    .bss.ucHeap         heap_4.o
    0x2000275c        -       0x00000004   Zero   RW          854    .bss.uxCurrentNumberOfTasks  tasks_1.o
    0x20002760        -       0x00000004   Zero   RW          853    .bss.uxDeletedTasksWaitingCleanUp  tasks_1.o
    0x20002764        -       0x00000004   Zero   RW          862    .bss.uxSchedulerSuspended  tasks_1.o
    0x20002768        -       0x00000004   Zero   RW          850    .bss.uxTaskNumber   tasks_1.o
    0x2000276c        -       0x00000004   Zero   RW          861    .bss.uxTopReadyPriority  tasks_1.o
    0x20002770        -       0x00000200   Zero   RW          870    .bss.vApplicationGetIdleTaskMemory.uxIdleTaskStack  tasks_1.o
    0x20002970        -       0x0000005c   Zero   RW          869    .bss.vApplicationGetIdleTaskMemory.xIdleTaskTCB  tasks_1.o
    0x200029cc        -       0x00000140   Zero   RW          872    .bss.vApplicationGetTimerTaskMemory.uxTimerTaskStack  tasks_1.o
    0x20002b0c        -       0x0000005c   Zero   RW          871    .bss.vApplicationGetTimerTaskMemory.xTimerTaskTCB  tasks_1.o
    0x20002b68        -       0x00000001   Zero   RW          122    .bss.vDoorLockTask.lastDoorState  tasks.o
    0x20002b69        -       0x00000001   Zero   RW          124    .bss.vDoorLockTask.showingStatus  tasks.o
    0x20002b6a   0x00007430   0x00000002   PAD
    0x20002b6c        -       0x00000004   Zero   RW          123    .bss.vDoorLockTask.statusDisplayTime  tasks.o
    0x20002b70        -       0x00000001   Zero   RW          126    .bss.vDoorOpenCloseTask.lastDoorOpenState  tasks.o
    0x20002b71        -       0x00000001   Zero   RW          128    .bss.vDoorOpenCloseTask.showingStatus  tasks.o
    0x20002b72   0x00007430   0x00000002   PAD
    0x20002b74        -       0x00000004   Zero   RW          127    .bss.vDoorOpenCloseTask.statusDisplayTime  tasks.o
    0x20002b78        -       0x00000001   Zero   RW          135    .bss.vIgnitionStatusTask.showingStatus  tasks.o
    0x20002b79   0x00007430   0x00000003   PAD
    0x20002b7c        -       0x00000004   Zero   RW          134    .bss.vIgnitionStatusTask.statusDisplayTime  tasks.o
    0x20002b80        -       0x00000004   Zero   RW          132    .bss.vSpeedTask.lastSpeed  tasks.o
    0x20002b84        -       0x00000001   Zero   RW          130    .bss.vUltrasonicTask.isInReverse  tasks.o
    0x20002b85   0x00007430   0x00000003   PAD
    0x20002b88        -       0x00000004   Zero   RW          129    .bss.vUltrasonicTask.lastBeepTime  tasks.o
    0x20002b8c        -       0x00000014   Zero   RW          953    .bss.xActiveTimerList1  timers.o
    0x20002ba0        -       0x00000014   Zero   RW          954    .bss.xActiveTimerList2  timers.o
    0x20002bb4        -       0x00000014   Zero   RW          873    .bss.xDelayedTaskList1  tasks_1.o
    0x20002bc8        -       0x00000014   Zero   RW          874    .bss.xDelayedTaskList2  tasks_1.o
    0x20002bdc        -       0x00000004   Zero   RW          603    .bss.xFreeBytesRemaining  heap_4.o
    0x20002be0        -       0x00000004   Zero   RW          865    .bss.xIdleTaskHandles  tasks_1.o
    0x20002be4        -       0x00000004   Zero   RW           11    .bss.xLCDMutex      main_1.o
    0x20002be8        -       0x00000004   Zero   RW          605    .bss.xMinimumEverFreeBytesRemaining  heap_4.o
    0x20002bec        -       0x00000004   Zero   RW          864    .bss.xNextTaskUnblockTime  tasks_1.o
    0x20002bf0        -       0x00000004   Zero   RW          868    .bss.xNumOfOverflows  tasks_1.o
    0x20002bf4        -       0x00000004   Zero   RW          606    .bss.xNumberOfSuccessfulAllocations  heap_4.o
    0x20002bf8        -       0x00000004   Zero   RW          607    .bss.xNumberOfSuccessfulFrees  heap_4.o
    0x20002bfc        -       0x00000004   Zero   RW          867    .bss.xPendedTicks   tasks_1.o
    0x20002c00        -       0x00000014   Zero   RW          858    .bss.xPendingReadyList  tasks_1.o
    0x20002c14        -       0x00000004   Zero   RW          851    .bss.xSchedulerRunning  tasks_1.o
    0x20002c18        -       0x00000008   Zero   RW          604    .bss.xStart         heap_4.o
    0x20002c20        -       0x00000014   Zero   RW          859    .bss.xSuspendedTaskList  tasks_1.o
    0x20002c34        -       0x00000014   Zero   RW          852    .bss.xTasksWaitingTermination  tasks_1.o
    0x20002c48        -       0x00000004   Zero   RW          855    .bss.xTickCount     tasks_1.o
    0x20002c4c        -       0x00000004   Zero   RW          947    .bss.xTimerQueue    timers.o
    0x20002c50        -       0x00000004   Zero   RW          949    .bss.xTimerTaskHandle  timers.o
    0x20002c54        -       0x00000004   Zero   RW          863    .bss.xYieldPendings  tasks_1.o
    0x20002c58        -       0x00000000   Zero   RW          470    HEAP                startup_tm4c123.o
    0x20002c58        -       0x00000200   Zero   RW          469    STACK               startup_tm4c123.o


==============================================================================

Image component sizes


      Code (inc. data)   RO Data    RW Data    ZI Data      Debug   Object Name

       422          0          0          0        420       4405   clib_os.o
        40          0          0          0          0      29977   cmsis_os2.o
       998          0          0          5          7       7759   doors.o
       360          0          0          0          1       6313   gear_system.o
       942          0          0          0       8220       4628   heap_4.o
      1186          0          0          0          4       9137   lcd.o
       238          0          0          0          0       2443   list.o
       286          0         68          0          4       1436   main_1.o
       652         16          0          4          0       3050   port.o
      2470          0          0          0          0      14991   queue.o
        10          0          0          0          0       1806   retarget.o
       544          4          0          4          8       7935   speed_system.o
       276         24        620          0        512       5592   startup_tm4c123.o
       268          0          0          4          0       6901   system_tm4c123.o
      2478          4        167          2         26       9468   tasks.o
      5466          0          9          0       2296      27480   tasks_1.o
      1248         10          8          0        220      11309   timers.o
      1178         28          0          0         12       7669   ultrasonic_system.o

    ----------------------------------------------------------------------
     19216        102        904         24      11744     162299   Object Totals
         0          0         32          0          0          0   (incl. Generated)
       154         16          0          5         14          0   (incl. Padding)

    ----------------------------------------------------------------------

      Code (inc. data)   RO Data    RW Data    ZI Data      Debug   Library Member Name

         8          0          0          0          0         68   __main.o
       392          4         17          0          0         92   __printf_flags_ss_wp.o
        14          0          0          0          0         68   __printf_wp.o
         0          0          0          0          0          0   __rtentry.o
        20          0          0          0          0          0   __rtentry2.o
         6          0          0          0          0          0   __rtentry4.o
        52          8          0          0          0          0   __scatter.o
        26          0          0          0          0          0   __scatter_copy.o
        28          0          0          0          0          0   __scatter_zi.o
        72          0          0          0          0         96   _c16rtomb.o
         6          0          0          0          0          0   _printf_a.o
         6          0          0          0          0          0   _printf_c.o
        44          0          0          0          0        108   _printf_char.o
        48          6          0          0          0         96   _printf_char_common.o
        40          0          0          0          0         68   _printf_charcount.o
         6          0          0          0          0          0   _printf_d.o
       120         16          0          0          0         92   _printf_dec.o
         6          0          0          0          0          0   _printf_e.o
         6          0          0          0          0          0   _printf_f.o
      1052          0          0          0          0        148   _printf_fp_dec.o
       764          8         38          0          0        100   _printf_fp_hex.o
       128         16          0          0          0         84   _printf_fp_infnan.o
         6          0          0          0          0          0   _printf_g.o
       148          4         40          0          0        160   _printf_hex_int_ll_ptr.o
         6          0          0          0          0          0   _printf_i.o
       178          0          0          0          0         88   _printf_intcommon.o
        10          0          0          0          0          0   _printf_l.o
         6          0          0          0          0          0   _printf_lc.o
        10          0          0          0          0          0   _printf_ll.o
         6          0          0          0          0          0   _printf_lld.o
         6          0          0          0          0          0   _printf_lli.o
         6          0          0          0          0          0   _printf_llo.o
         6          0          0          0          0          0   _printf_llu.o
         6          0          0          0          0          0   _printf_llx.o
       124         16          0          0          0         92   _printf_longlong_dec.o
         6          0          0          0          0          0   _printf_ls.o
         6          0          0          0          0          0   _printf_n.o
         6          0          0          0          0          0   _printf_o.o
       112          8          0          0          0        124   _printf_oct_int_ll.o
         6          0          0          0          0          0   _printf_p.o
        78          0          0          0          0        108   _printf_pad.o
         0          0          0          0          0          0   _printf_percent.o
         4          0          0          0          0          0   _printf_percent_end.o
         6          0          0          0          0          0   _printf_s.o
        82          0          0          0          0         80   _printf_str.o
        36          0          0          0          0         84   _printf_truncate.o
         6          0          0          0          0          0   _printf_u.o
        44          0          0          0          0        108   _printf_wchar.o
       188          6          8          0          0         92   _printf_wctomb.o
         6          0          0          0          0          0   _printf_x.o
        16          0          0          0          0         68   _snputc.o
        16          0          0          0          0         68   aeabi_memset4.o
       228          4        148          0          0         96   bigflt0.o
      1936        128          0          0          0        668   btod.o
        18          0          0          0          0         80   exit.o
         6          0          0          0          0        152   heapauxi.o
        44         10        272          0          0         76   lc_ctype_c.o
        44         10         28          0          0         76   lc_numeric_c.o
         2          0          0          0          0          0   libinit.o
        34          0          0          0          0          0   libinit2.o
         2          0          0          0          0          0   libshutdown.o
         2          0          0          0          0          0   libshutdown2.o
         8          4          0          0         96         68   libspace.o
       138          0          0          0          0         80   lludiv10.o
       240          0          0          0          0        100   lludivv7m.o
        16          4          0          0          0         76   rt_ctype_table.o
        10          0          0          0          0         76   rt_locale_twolibspace.o
        68          0          0          0          0         68   rt_memclr.o
        78          0          0          0          0         80   rt_memclr_w.o
       138          0          0          0          0         68   rt_memcpy_v6.o
       100          0          0          0          0         80   rt_memcpy_w.o
         2          0          0          0          0          0   rtexit.o
        10          0          0          0          0          0   rtexit2.o
        64          6          0          0          0         84   snprintf.o
       124          0          0          0          0         88   strcmpv7em.o
        74          0          0          0          0         80   sys_stackheap_outer.o
        98          4          0          0          0        140   d2f.o
       692        140          0          0          0        264   ddiv.o
        38          0          0          0          0        116   dflt_clz.o
       340         12          0          0          0        152   dmul.o
       156          4          0          0          0        140   dnaninf.o
        12          0          0          0          0        116   dretinf.o
        86          4          0          0          0        132   f2d.o
       140          4          0          0          0        132   fnaninf.o
        26          0          0          0          0        116   fpinit.o
        10          0          0          0          0        116   fretinf.o
         4          0          0          0          0        116   printf1.o
         4          0          0          0          0        116   printf2.o
         0          0          0          0          0          0   usenofp.o
        48          0          0          0          0        124   fpclassify.o

    ----------------------------------------------------------------------
      9048        426        552          0         96       5968   Library Totals
        28          0          1          0          0          0   (incl. Padding)

    ----------------------------------------------------------------------

      Code (inc. data)   RO Data    RW Data    ZI Data      Debug   Library Name

      7366        258        551          0         96       4188   c_w.l
      1606        168          0          0          0       1656   fz_wm.l
        48          0          0          0          0        124   m_wm.l

    ----------------------------------------------------------------------
      9048        426        552          0         96       5968   Library Totals

    ----------------------------------------------------------------------

==============================================================================


      Code (inc. data)   RO Data    RW Data    ZI Data      Debug   

     28264        528       1456         24      11840     164611   Grand Totals
     28264        528       1456         24      11840     164611   ELF Image Totals
     28264        528       1456         24          0          0   ROM Totals

==============================================================================

    Total RO  Size (Code + RO Data)                29720 (  29.02kB)
    Total RW  Size (RW Data + ZI Data)             11864 (  11.59kB)
    Total ROM Size (Code + RO Data + RW Data)      29744 (  29.05kB)

==============================================================================

